Component: ARM Compiler 5.06 update 6 (build 750) Tool: armlink [4d35ed]

==============================================================================

Section Cross References

    startup_stm32f103xb.o(RESET) refers to startup_stm32f103xb.o(STACK) for __initial_sp
    startup_stm32f103xb.o(RESET) refers to startup_stm32f103xb.o(.text) for Reset_Handler
    startup_stm32f103xb.o(RESET) refers to stm32f1xx_it.o(i.NMI_Handler) for NMI_Handler
    startup_stm32f103xb.o(RESET) refers to stm32f1xx_it.o(i.HardFault_Handler) for HardFault_Handler
    startup_stm32f103xb.o(RESET) refers to stm32f1xx_it.o(i.MemManage_Handler) for MemManage_Handler
    startup_stm32f103xb.o(RESET) refers to stm32f1xx_it.o(i.BusFault_Handler) for BusFault_Handler
    startup_stm32f103xb.o(RESET) refers to stm32f1xx_it.o(i.UsageFault_Handler) for UsageFault_Handler
    startup_stm32f103xb.o(RESET) refers to hal_cm3.o(.emb_text) for SVC_Handler
    startup_stm32f103xb.o(RESET) refers to stm32f1xx_it.o(i.DebugMon_Handler) for DebugMon_Handler
    startup_stm32f103xb.o(RESET) refers to stm32f1xx_it.o(i.DMA1_Channel6_IRQHandler) for DMA1_Channel6_IRQHandler
    startup_stm32f103xb.o(RESET) refers to stm32f1xx_it.o(i.USART1_IRQHandler) for USART1_IRQHandler
    startup_stm32f103xb.o(RESET) refers to stm32f1xx_it.o(i.USART2_IRQHandler) for USART2_IRQHandler
    startup_stm32f103xb.o(RESET) refers to stm32f1xx_it.o(i.EXTI15_10_IRQHandler) for EXTI15_10_IRQHandler
    startup_stm32f103xb.o(.text) refers to system_stm32f1xx.o(i.SystemInit) for SystemInit
    startup_stm32f103xb.o(.text) refers to entry.o(.ARM.Collect$$$$00000000) for __main
    elog.o(i.elog_assert_set_hook) refers to elog.o(.data) for .data
    elog.o(i.elog_deinit) refers to elog_port.o(i.elog_port_deinit) for elog_port_deinit
    elog.o(i.elog_deinit) refers to elog.o(.bss) for .bss
    elog.o(i.elog_find_lvl) refers to elog.o(i.elog_output) for elog_output
    elog.o(i.elog_find_lvl) refers to elog.o(.constdata) for .constdata
    elog.o(i.elog_find_lvl) refers to elog.o(.data) for .data
    elog.o(i.elog_find_lvl) refers to elog.o(.bss) for .bss
    elog.o(i.elog_find_tag) refers to elog.o(i.elog_output) for elog_output
    elog.o(i.elog_find_tag) refers to strlen.o(.text) for strlen
    elog.o(i.elog_find_tag) refers to memchr.o(.text) for memchr
    elog.o(i.elog_find_tag) refers to elog.o(.constdata) for .constdata
    elog.o(i.elog_find_tag) refers to elog.o(.data) for .data
    elog.o(i.elog_find_tag) refers to elog.o(.bss) for .bss
    elog.o(i.elog_get_filter_tag_lvl) refers to elog.o(i.elog_output_lock) for elog_output_lock
    elog.o(i.elog_get_filter_tag_lvl) refers to elog.o(i.elog_output) for elog_output
    elog.o(i.elog_get_filter_tag_lvl) refers to strncmp.o(.text) for strncmp
    elog.o(i.elog_get_filter_tag_lvl) refers to elog.o(i.elog_output_unlock) for elog_output_unlock
    elog.o(i.elog_get_filter_tag_lvl) refers to elog.o(.data) for .data
    elog.o(i.elog_get_filter_tag_lvl) refers to elog.o(.constdata) for .constdata
    elog.o(i.elog_get_filter_tag_lvl) refers to elog.o(.bss) for .bss
    elog.o(i.elog_get_output_enabled) refers to elog.o(.bss) for .bss
    elog.o(i.elog_hexdump) refers to strstr.o(.text) for strstr
    elog.o(i.elog_hexdump) refers to elog.o(i.elog_output_lock) for elog_output_lock
    elog.o(i.elog_hexdump) refers to printfa.o(i.__0snprintf) for __2snprintf
    elog.o(i.elog_hexdump) refers to strncpy.o(.text) for strncpy
    elog.o(i.elog_hexdump) refers to elog_utils.o(i.elog_strcpy) for elog_strcpy
    elog.o(i.elog_hexdump) refers to elog_port.o(i.elog_port_output) for elog_port_output
    elog.o(i.elog_hexdump) refers to elog.o(i.elog_output_unlock) for elog_output_unlock
    elog.o(i.elog_hexdump) refers to elog.o(.bss) for .bss
    elog.o(i.elog_init) refers to elog_port.o(i.elog_port_init) for elog_port_init
    elog.o(i.elog_init) refers to elog.o(i.elog_output_lock_enabled) for elog_output_lock_enabled
    elog.o(i.elog_init) refers to elog.o(i.elog_set_filter_lvl) for elog_set_filter_lvl
    elog.o(i.elog_init) refers to memseta.o(.text) for __aeabi_memclr
    elog.o(i.elog_init) refers to elog.o(.bss) for .bss
    elog.o(i.elog_output) refers to strlen.o(.text) for strlen
    elog.o(i.elog_output) refers to elog.o(i.elog_get_filter_tag_lvl) for elog_get_filter_tag_lvl
    elog.o(i.elog_output) refers to strstr.o(.text) for strstr
    elog.o(i.elog_output) refers to elog.o(i.elog_output_lock) for elog_output_lock
    elog.o(i.elog_output) refers to elog.o(i.get_fmt_enabled) for get_fmt_enabled
    elog.o(i.elog_output) refers to elog_utils.o(i.elog_strcpy) for elog_strcpy
    elog.o(i.elog_output) refers to memseta.o(.text) for __aeabi_memset
    elog.o(i.elog_output) refers to elog_port.o(i.elog_port_get_time) for elog_port_get_time
    elog.o(i.elog_output) refers to elog_port.o(i.elog_port_get_p_info) for elog_port_get_p_info
[...]
    HAL_UART_RxCpltCallback                  0x080025a5   Thumb Code    16  app.o(i.HAL_UART_RxCpltCallback)
    HAL_UART_RxHalfCpltCallback              0x080025bd   Thumb Code     2  stm32f1xx_hal_uart.o(i.HAL_UART_RxHalfCpltCallback)
    HAL_UART_Transmit                        0x080025bf   Thumb Code   154  stm32f1xx_hal_uart.o(i.HAL_UART_Transmit)
    HAL_UART_TxCpltCallback                  0x08002659   Thumb Code     2  stm32f1xx_hal_uart.o(i.HAL_UART_TxCpltCallback)
    HardFault_Handler                        0x0800265b   Thumb Code     2  stm32f1xx_it.o(i.HardFault_Handler)
    Lora_Config                              0x0800265d   Thumb Code    44  app.o(i.Lora_Config)
    MemManage_Handler                        0x080028b5   Thumb Code     2  stm32f1xx_it.o(i.MemManage_Handler)
    MsgExec_AllocMessage                     0x080028b9   Thumb Code    10  vmsgexec.o(i.MsgExec_AllocMessage)
    MsgExec_CreateModule                     0x080028c9   Thumb Code    86  vmsgexec.o(i.MsgExec_CreateModule)
    MsgExec_Exec                             0x08002925   Thumb Code    58  vmsgexec.o(i.MsgExec_Exec)
    MsgExec_FreeModule                       0x08002965   Thumb Code    86  vmsgexec.o(i.MsgExec_FreeModule)
    MsgExec_Init                             0x080029c1   Thumb Code    24  vmsgexec.o(i.MsgExec_Init)
    MsgExec_PutMessage                       0x080029e1   Thumb Code    16  vmsgexec.o(i.MsgExec_PutMessage)
    NMI_Handler                              0x080029f5   Thumb Code     2  stm32f1xx_it.o(i.NMI_Handler)
    NOTIFYHandShake                          0x080029f7   Thumb Code    10  app.o(i.NOTIFYHandShake)
    NotifyButton                             0x08002a01   Thumb Code   282  app.o(i.NotifyButton)
    NotifyMenu                               0x08002ba5   Thumb Code    22  app.o(i.NotifyMenu)
    NotifyText                               0x08002bc1   Thumb Code   238  app.o(i.NotifyText)
    OnRxDone                                 0x08002cb5   Thumb Code    66  app.o(i.OnRxDone)
    OnRxError                                0x08002d01   Thumb Code    40  app.o(i.OnRxError)
    OnRxTimeout                              0x08002d55   Thumb Code    30  app.o(i.OnRxTimeout)
    OnTxDone                                 0x08002da5   Thumb Code    36  app.o(i.OnTxDone)
    OnTxTimeout                              0x08002df5   Thumb Code    52  app.o(i.OnTxTimeout)
    ProcessMessage                           0x08002e5d   Thumb Code   106  app.o(i.ProcessMessage)
    SX1276BoardInit                          0x08003099   Thumb Code     8  sx1276-board.o(i.SX1276BoardInit)
    SX1276CheckRfFrequency                   0x080030a9   Thumb Code     4  sx1276-board.o(i.SX1276CheckRfFrequency)
    SX1276GetPaSelect                        0x080030ad   Thumb Code    14  sx1276-board.o(i.SX1276GetPaSelect)
    SX1276GetStatus                          0x080030c1   Thumb Code     6  sx1276.o(i.SX1276GetStatus)
    SX1276GetTimeOnAir                       0x080030cd   Thumb Code   458  sx1276.o(i.SX1276GetTimeOnAir)
    SX1276Init                               0x080032c1   Thumb Code   104  sx1276.o(i.SX1276Init)
    SX1276IsChannelFree                      0x08003339   Thumb Code    54  sx1276.o(i.SX1276IsChannelFree)
    SX1276OnDio0Irq                          0x08003371   Thumb Code   590  sx1276.o(i.SX1276OnDio0Irq)
    SX1276OnDio1Irq                          0x080035d1   Thumb Code   190  sx1276.o(i.SX1276OnDio1Irq)
    SX1276OnDio3Irq                          0x08003699   Thumb Code   102  sx1276.o(i.SX1276OnDio3Irq)
    SX1276OnTimeoutIrq                       0x08003709   Thumb Code   128  sx1276.o(i.SX1276OnTimeoutIrq)
    SX1276Random                             0x08003791   Thumb Code    62  sx1276.o(i.SX1276Random)
    SX1276Read                               0x080037cf   Thumb Code    16  sx1276.o(i.SX1276Read)
    SX1276ReadBuffer                         0x080037e1   Thumb Code    82  sx1276.o(i.SX1276ReadBuffer)
    SX1276ReadFifo                           0x08003841   Thumb Code    10  sx1276.o(i.SX1276ReadFifo)
    SX1276ReadRssi                           0x0800384d   Thumb Code    56  sx1276.o(i.SX1276ReadRssi)
    SX1276Reset                              0x0800388d   Thumb Code    38  sx1276.o(i.SX1276Reset)
    SX1276Send                               0x080038b9   Thumb Code   230  sx1276.o(i.SX1276Send)
    SX1276SetAntSw                           0x080039a9   Thumb Code     2  sx1276-board.o(i.SX1276SetAntSw)
    SX1276SetAntSwLowPower                   0x080039ab   Thumb Code     2  sx1276-board.o(i.SX1276SetAntSwLowPower)
    SX1276SetChannel                         0x080039ad   Thumb Code    56  sx1276.o(i.SX1276SetChannel)
    SX1276SetMaxPayloadLength                0x080039ed   Thumb Code    46  sx1276.o(i.SX1276SetMaxPayloadLength)
    SX1276SetModem                           0x08003a21   Thumb Code    94  sx1276.o(i.SX1276SetModem)
    SX1276SetOpMode                          0x08003a85   Thumb Code    58  sx1276.o(i.SX1276SetOpMode)
    SX1276SetPreambleLength                  0x08003ac1   Thumb Code    30  sx1276.o(i.SX1276SetPreambleLength)
    SX1276SetRx                              0x08003ae5   Thumb Code   622  sx1276.o(i.SX1276SetRx)
    SX1276SetRxConfig                        0x08003d85   Thumb Code   536  sx1276.o(i.SX1276SetRxConfig)
    SX1276SetSleep                           0x08003fa9   Thumb Code    32  sx1276.o(i.SX1276SetSleep)
    SX1276SetStby                            0x08003fcd   Thumb Code    16  sx1276.o(i.SX1276SetStby)
    SX1276SetTx                              0x08003fe1   Thumb Code   154  sx1276.o(i.SX1276SetTx)
    SX1276SetTxConfig                        0x08004081   Thumb Code   630  sx1276.o(i.SX1276SetTxConfig)
    SX1276StartCad                           0x08004305   Thumb Code    54  sx1276.o(i.SX1276StartCad)
    SX1276Write                              0x08004341   Thumb Code    12  sx1276.o(i.SX1276Write)
    SX1276WriteBuffer                        0x0800434d   Thumb Code    82  sx1276.o(i.SX1276WriteBuffer)
    SX1276WriteFifo                          0x080043ad   Thumb Code    10  sx1276.o(i.SX1276WriteFifo)
    SendChar                                 0x080043b9   Thumb Code    16  hmi_user_uart.o(i.SendChar)
    SendStrings                              0x080043cd   Thumb Code    22  hmi_driver.o(i.SendStrings)
    SetButtonValue                           0x080043e3   Thumb Code    84  hmi_driver.o(i.SetButtonValue)
    SetScreen                                0x08004437   Thumb Code    62  hmi_driver.o(i.SetScreen)
    SetTextInt32                             0x08004475   Thumb Code   138  hmi_driver.o(i.SetTextInt32)
    SetTextValue                             0x080044ff   Thumb Code    84  hmi_driver.o(i.SetTextValue)
    SystemClock_Config                       0x08004553   Thumb Code    94  main.o(i.SystemClock_Config)
    SystemInit                               0x080045b1   Thumb Code     2  system_stm32f1xx.o(i.SystemInit)
    TIM_Base_SetConfig                       0x080045b5   Thumb Code    94  stm32f1xx_hal_tim.o(i.TIM_Base_SetConfig)
    TIM_ETR_SetConfig                        0x08004621   Thumb Code    20  stm32f1xx_hal_tim.o(i.TIM_ETR_SetConfig)
    TimerActionThread                        0x0800468d   Thumb Code    68  timer.o(i.TimerActionThread)
    TimerInit                                0x080046d5   Thumb Code    26  timer.o(i.TimerInit)
    TimerReset_Action                        0x080046f5   Thumb Code    18  timer.o(i.TimerReset_Action)
    TimerSetValue                            0x08004707   Thumb Code     4  timer.o(i.TimerSetValue)
    TimerStart                               0x0800470b   Thumb Code     8  timer.o(i.TimerStart)
    TimerStart_Action                        0x08004713   Thumb Code    46  timer.o(i.TimerStart_Action)
    TimerStop                                0x08004741   Thumb Code     8  timer.o(i.TimerStop)
    TimerStop_Action                         0x08004749   Thumb Code    16  timer.o(i.TimerStop_Action)
    Timer_SendAction                         0x08004759   Thumb Code    36  timer.o(i.Timer_SendAction)
    Timer_SystemInit                         0x08004781   Thumb Code    28  timer.o(i.Timer_SystemInit)
    UART_Start_Receive_DMA                   0x08004a89   Thumb Code   130  stm32f1xx_hal_uart.o(i.UART_Start_Receive_DMA)
    USART1_IRQHandler                        0x08004b91   Thumb Code     6  stm32f1xx_it.o(i.USART1_IRQHandler)
    USART2_IRQHandler                        0x08004b9d   Thumb Code    38  stm32f1xx_it.o(i.USART2_IRQHandler)
    UsageFault_Handler                       0x08004bc9   Thumb Code     2  stm32f1xx_it.o(i.UsageFault_Handler)
    VWM_ClearWndTimer                        0x08004bcb   Thumb Code    22  vmsgexec.o(i.VWM_ClearWndTimer)
    VWM_CreateTimer                          0x08004be1   Thumb Code   110  vmsgexec.o(i.VWM_CreateTimer)
    VWM_DeleteTimer                          0x08004c59   Thumb Code    88  vmsgexec.o(i.VWM_DeleteTimer)
    VWM_FindTimerByWnd                       0x08004cb5   Thumb Code    20  vmsgexec.o(i.VWM_FindTimerByWnd)
    VWM_RestartTimer                         0x08004ccd   Thumb Code    12  vmsgexec.o(i.VWM_RestartTimer)
    VWM_SendMessageP                         0x08004cd9   Thumb Code    48  vmsgexec.o(i.VWM_SendMessageP)
    VWM_StartTimer                           0x08004d09   Thumb Code    14  vmsgexec.o(i.VWM_StartTimer)
    VWM_TimerInit                            0x08004d19   Thumb Code    12  vmsgexec.o(i.VWM_TimerInit)
    __0printf                                0x08004d29   Thumb Code    22  printfa.o(i.__0printf)
    __1printf                                0x08004d29   Thumb Code     0  printfa.o(i.__0printf)
    __2printf                                0x08004d29   Thumb Code     0  printfa.o(i.__0printf)
    __c89printf                              0x08004d29   Thumb Code     0  printfa.o(i.__0printf)
    printf                                   0x08004d29   Thumb Code     0  printfa.o(i.__0printf)
    __0snprintf                              0x08004d49   Thumb Code    44  printfa.o(i.__0snprintf)
    __1snprintf                              0x08004d49   Thumb Code     0  printfa.o(i.__0snprintf)
    __2snprintf                              0x08004d49   Thumb Code     0  printfa.o(i.__0snprintf)
    __c89snprintf                            0x08004d49   Thumb Code     0  printfa.o(i.__0snprintf)
    snprintf                                 0x08004d49   Thumb Code     0  printfa.o(i.__0snprintf)
    __0vsnprintf                             0x08004d79   Thumb Code    40  printfa.o(i.__0vsnprintf)
    __1vsnprintf                             0x08004d79   Thumb Code     0  printfa.o(i.__0vsnprintf)
    __2vsnprintf                             0x08004d79   Thumb Code     0  printfa.o(i.__0vsnprintf)
    __c89vsnprintf                           0x08004d79   Thumb Code     0  printfa.o(i.__0vsnprintf)
    vsnprintf                                0x08004d79   Thumb Code     0  printfa.o(i.__0vsnprintf)
    __aeabi_errno_addr                       0x08004dc5   Thumb Code     4  errno.o(i.__aeabi_errno_addr)
    __rt_errno_addr                          0x08004dc5   Thumb Code     0  errno.o(i.__aeabi_errno_addr)
    __scatterload_copy                       0x08004dcd   Thumb Code    14  handlers.o(i.__scatterload_copy)
    __scatterload_null                       0x08004ddb   Thumb Code     2  handlers.o(i.__scatterload_null)
    __scatterload_zeroinit                   0x08004ddd   Thumb Code    14  handlers.o(i.__scatterload_zeroinit)
    _init_box                                0x08004f71   Thumb Code    70  rt_membox.o(i._init_box)
    app_dlgcallback                          0x080056fd   Thumb Code   542  app.o(i.app_dlgcallback)
    app_init                                 0x08005a55   Thumb Code   238  app.o(i.app_init)
    app_key_change_callback                  0x08005bd5   Thumb Code    32  app.o(i.app_key_change_callback)
    app_rev_lora_msg                         0x08005c29   Thumb Code   250  app.o(i.app_rev_lora_msg)
    app_uart_handle_effective_frame_callback 0x08005da5   Thumb Code    94  app.o(i.app_uart_handle_effective_frame_callback)
    app_update_channel                       0x08005e11   Thumb Code   162  app.o(i.app_update_channel)
    app_update_default_channel               0x08005ebd   Thumb Code   206  app.o(i.app_update_default_channel)
    ceil                                     0x08005f99   Thumb Code   204  ceil.o(i.ceil)
    dbg_init                                 0x0800608d   Thumb Code    34  hal_cm.o(i.dbg_init)
    dbg_task_notify                          0x080060bd   Thumb Code    32  hal_cm.o(i.dbg_task_notify)
    dbg_task_switch                          0x080060dd   Thumb Code    16  hal_cm.o(i.dbg_task_switch)
    dm_init                                  0x080060ed   Thumb Code    10  tlsf.o(i.dm_init)
    elog_get_filter_tag_lvl                  0x080060fd   Thumb Code   130  elog.o(i.elog_get_filter_tag_lvl)
    elog_init                                0x080061e9   Thumb Code    96  elog.o(i.elog_init)
    elog_output                              0x0800624d   Thumb Code   702  elog.o(i.elog_output)
    elog_output_lock                         0x080065a1   Thumb Code    28  elog.o(i.elog_output_lock)
    elog_output_lock_enabled                 0x080065c1   Thumb Code    40  elog.o(i.elog_output_lock_enabled)
    elog_output_unlock                       0x080065ed   Thumb Code    28  elog.o(i.elog_output_unlock)
    elog_port_get_p_info                     0x0800660d   Thumb Code     2  elog_port.o(i.elog_port_get_p_info)
    elog_port_get_t_info                     0x0800660f   Thumb Code     2  elog_port.o(i.elog_port_get_t_info)
    elog_port_get_time                       0x08006611   Thumb Code     2  elog_port.o(i.elog_port_get_time)
    elog_port_init                           0x08006613   Thumb Code     4  elog_port.o(i.elog_port_init)
    elog_port_output                         0x08006619   Thumb Code     8  elog_port.o(i.elog_port_output)
    elog_port_output_lock                    0x08006629   Thumb Code     2  elog_port.o(i.elog_port_output_lock)
    elog_port_output_unlock                  0x0800662b   Thumb Code     2  elog_port.o(i.elog_port_output_unlock)
    elog_set_filter_lvl                      0x0800662d   Thumb Code    64  elog.o(i.elog_set_filter_lvl)
    elog_set_fmt                             0x080066dd   Thumb Code    72  elog.o(i.elog_set_fmt)
    elog_start                               0x08006795   Thumb Code    42  elog.o(i.elog_start)
    elog_strcpy                              0x0800681d   Thumb Code   148  elog_utils.o(i.elog_strcpy)
    floor                                    0x0800690d   Thumb Code   204  floor.o(i.floor)
    fputc                                    0x080069e9   Thumb Code    18  main.o(i.fputc)
    free_ex                                  0x08006a01   Thumb Code   380  tlsf.o(i.free_ex)
    gui_frefresh_manager_dlg                 0x08006c65   Thumb Code   176  app.o(i.gui_frefresh_manager_dlg)
    init_memory_pool                         0x08006d31   Thumb Code   148  tlsf.o(i.init_memory_pool)
    isrMessageGet                            0x08006e39   Thumb Code    42  rt_cmsis.o(i.isrMessageGet)
    isrMessagePut                            0x08006e63   Thumb Code    44  rt_cmsis.o(i.isrMessagePut)
    isr_mbx_receive                          0x08006e91   Thumb Code    86  rt_mailbox.o(i.isr_mbx_receive)
    isr_mbx_send                             0x08006ee7   Thumb Code    14  rt_mailbox.o(i.isr_mbx_send)
    key_init                                 0x08006ef5   Thumb Code    84  key.o(i.key_init)
    key_scan                                 0x08006f55   Thumb Code    88  key.o(i.key_scan)
    led_toggole                              0x08006fb1   Thumb Code    10  bsp.o(i.led_toggole)
    main                                     0x08006ff5   Thumb Code   230  main.o(i.main)
    malloc_ex                                0x0800712d   Thumb Code   380  tlsf.o(i.malloc_ex)
    osKernelInitialize                       0x080072dd   Thumb Code    30  rt_cmsis.o(i.osKernelInitialize)
    osKernelStart                            0x08007301   Thumb Code    98  rt_cmsis.o(i.osKernelStart)
    osMailCAlloc                             0x0800736d   Thumb Code    44  rt_cmsis.o(i.osMailCAlloc)
    osMailCreate                             0x0800739d   Thumb Code    36  rt_cmsis.o(i.osMailCreate)
    osMailFree                               0x080073c9   Thumb Code    22  rt_cmsis.o(i.osMailFree)
    osMailGet                                0x080073e5   Thumb Code    22  rt_cmsis.o(i.osMailGet)
    osMailPut                                0x080073fb   Thumb Code    20  rt_cmsis.o(i.osMailPut)
    osMessageGet                             0x08007411   Thumb Code    18  rt_cmsis.o(i.osMessageGet)
    osMessagePut                             0x08007429   Thumb Code    18  rt_cmsis.o(i.osMessagePut)
    osMutexCreate                            0x08007441   Thumb Code    36  rt_cmsis.o(i.osMutexCreate)
    osMutexRelease                           0x0800746d   Thumb Code    18  rt_cmsis.o(i.osMutexRelease)
    osMutexWait                              0x08007485   Thumb Code    18  rt_cmsis.o(i.osMutexWait)
    osThreadCreate                           0x0800749d   Thumb Code    36  rt_cmsis.o(i.osThreadCreate)
    osThreadExit                             0x080074c9   Thumb Code    14  rt_cmsis.o(i.osThreadExit)
    osTimerCall                              0x080074e1   Thumb Code     8  rt_cmsis.o(i.osTimerCall)
    osTimerCreate                            0x080074ed   Thumb Code    36  rt_cmsis.o(i.osTimerCreate)
    osTimerDelete                            0x08007519   Thumb Code    18  rt_cmsis.o(i.osTimerDelete)
    osTimerStart                             0x08007531   Thumb Code    18  rt_cmsis.o(i.osTimerStart)
    osTimerStop                              0x08007549   Thumb Code    18  rt_cmsis.o(i.osTimerStop)
    osTimerThread                            0x08007561   Thumb Code    38  rt_cmsis.o(i.osTimerThread)
    osTimer_Callback                         0x0800758d   Thumb Code    46  vmsgexec.o(i.osTimer_Callback)
    os_error                                 0x080075bb   Thumb Code     2  rtx_conf_cm.o(i.os_error)
    os_idle_demon                            0x080075bd   Thumb Code     2  rtx_conf_cm.o(i.os_idle_demon)
    os_tick_init                             0x080075c1   Thumb Code    32  rt_system.o(i.os_tick_init)
    os_tick_irqack                           0x080075e9   Thumb Code     2  rt_system.o(i.os_tick_irqack)
    queue_find_cmd                           0x08007619   Thumb Code   112  cmd_queue.o(i.queue_find_cmd)
    queue_push                               0x08007691   Thumb Code    26  cmd_queue.o(i.queue_push)
    queue_reset                              0x080076b1   Thumb Code    16  cmd_queue.o(i.queue_reset)
    round                                    0x080076c9   Thumb Code   136  round.o(i.round)
    rt_alloc_box                             0x0800775d   Thumb Code    26  rt_membox.o(i.rt_alloc_box)
    rt_alloc_mem                             0x08007777   Thumb Code    62  rt_memory.o(i.rt_alloc_mem)
    rt_block                                 0x080077b5   Thumb Code    48  rt_task.o(i.rt_block)
    rt_chk_robin                             0x080077ed   Thumb Code    60  rt_robin.o(i.rt_chk_robin)
    rt_dec_dly                               0x0800784d   Thumb Code   102  rt_list.o(i.rt_dec_dly)
    rt_dispatch                              0x080078bd   Thumb Code    60  rt_task.o(i.rt_dispatch)
    rt_evt_psh                               0x08007901   Thumb Code    76  rt_event.o(i.rt_evt_psh)
    rt_free_box                              0x08007951   Thumb Code    44  rt_membox.o(i.rt_free_box)
    rt_free_mem                              0x0800797d   Thumb Code    40  rt_memory.o(i.rt_free_mem)
    rt_get_first                             0x080079a5   Thumb Code    40  rt_list.o(i.rt_get_first)
    rt_init_mem                              0x08007a1d   Thumb Code    26  rt_memory.o(i.rt_init_mem)
    rt_init_robin                            0x08007a39   Thumb Code    14  rt_robin.o(i.rt_init_robin)
    rt_init_stack                            0x08007a51   Thumb Code   118  hal_cm.o(i.rt_init_stack)
    rt_mbx_check                             0x08007ad1   Thumb Code     8  rt_mailbox.o(i.rt_mbx_check)
    rt_mbx_init                              0x08007ad9   Thumb Code    26  rt_mailbox.o(i.rt_mbx_init)
    rt_mbx_psh                               0x08007af5   Thumb Code   236  rt_mailbox.o(i.rt_mbx_psh)
    rt_mbx_send                              0x08007be5   Thumb Code   148  rt_mailbox.o(i.rt_mbx_send)
    rt_mbx_wait                              0x08007c7d   Thumb Code   174  rt_mailbox.o(i.rt_mbx_wait)
    rt_mut_init                              0x08007d75   Thumb Code    16  rt_mutex.o(i.rt_mut_init)
    rt_mut_release                           0x08007d85   Thumb Code   208  rt_mutex.o(i.rt_mut_release)
    rt_mut_wait                              0x08007e5d   Thumb Code   114  rt_mutex.o(i.rt_mut_wait)
    rt_pop_req                               0x08007ed5   Thumb Code   112  rt_system.o(i.rt_pop_req)
    rt_psh_req                               0x08007f51   Thumb Code    22  rt_system.o(i.rt_psh_req)
    rt_psq_enq                               0x08007f71   Thumb Code    88  rt_list.o(i.rt_psq_enq)
    rt_put_dly                               0x08007fcd   Thumb Code    68  rt_list.o(i.rt_put_dly)
    rt_put_prio                              0x08008015   Thumb Code    54  rt_list.o(i.rt_put_prio)
    rt_put_rdy_first                         0x0800804d   Thumb Code    14  rt_list.o(i.rt_put_rdy_first)
    rt_resort_prio                           0x08008061   Thumb Code    46  rt_list.o(i.rt_resort_prio)
    rt_ret_val                               0x08008095   Thumb Code     6  hal_cm.o(i.rt_ret_val)
    rt_ret_val2                              0x0800809b   Thumb Code     8  hal_cm.o(i.rt_ret_val2)
    rt_rmv_dly                               0x080080a3   Thumb Code    40  rt_list.o(i.rt_rmv_dly)
    rt_rmv_list                              0x080080cd   Thumb Code    44  rt_list.o(i.rt_rmv_list)
    rt_sem_psh                               0x080080fd   Thumb Code    48  rt_semaphore.o(i.rt_sem_psh)
    rt_stk_check                             0x08008131   Thumb Code    28  rt_system.o(i.rt_stk_check)
    rt_switch_req                            0x08008155   Thumb Code    30  rt_task.o(i.rt_switch_req)
    rt_sys_init                              0x0800817d   Thumb Code   138  rt_task.o(i.rt_sys_init)
    rt_sys_start                             0x08008249   Thumb Code   110  rt_task.o(i.rt_sys_start)
    rt_systick                               0x080082c1   Thumb Code    50  rt_system.o(i.rt_systick)
    rt_tsk_create                            0x08008385   Thumb Code   118  rt_task.o(i.rt_tsk_create)
    rt_tsk_delete                            0x0800840d   Thumb Code   352  rt_task.o(i.rt_tsk_delete)
    rt_tsk_prio                              0x08008589   Thumb Code   108  rt_task.o(i.rt_tsk_prio)
    rt_tsk_self                              0x08008605   Thumb Code    12  rt_task.o(i.rt_tsk_self)
    svcKernelInitialize                      0x0800862d   Thumb Code    80  rt_cmsis.o(i.svcKernelInitialize)
    svcKernelStart                           0x0800869d   Thumb Code    62  rt_cmsis.o(i.svcKernelStart)
    svcMailCreate                            0x080086e5   Thumb Code    66  rt_cmsis.o(i.svcMailCreate)
    svcMessageCreate                         0x08008727   Thumb Code    36  rt_cmsis.o(i.svcMessageCreate)
    svcMessageGet                            0x0800874b   Thumb Code    58  rt_cmsis.o(i.svcMessageGet)
    svcMessagePut                            0x08008785   Thumb Code    54  rt_cmsis.o(i.svcMessagePut)
    svcMutexCreate                           0x080087bb   Thumb Code    28  rt_cmsis.o(i.svcMutexCreate)
    svcMutexRelease                          0x080087d7   Thumb Code    34  rt_cmsis.o(i.svcMutexRelease)
    svcMutexWait                             0x080087f9   Thumb Code    58  rt_cmsis.o(i.svcMutexWait)
    svcThreadCreate                          0x08008835   Thumb Code    96  rt_cmsis.o(i.svcThreadCreate)
    svcThreadGetId                           0x080088a1   Thumb Code    22  rt_cmsis.o(i.svcThreadGetId)
    svcThreadTerminate                       0x080088bd   Thumb Code    50  rt_cmsis.o(i.svcThreadTerminate)
    svcTimerCall                             0x080088f5   Thumb Code    24  rt_cmsis.o(i.svcTimerCall)
    svcTimerCreate                           0x0800890d   Thumb Code    52  rt_cmsis.o(i.svcTimerCreate)
    svcTimerDelete                           0x08008945   Thumb Code    40  rt_cmsis.o(i.svcTimerDelete)
    svcTimerStart                            0x0800896d   Thumb Code    96  rt_cmsis.o(i.svcTimerStart)
    svcTimerStop                             0x080089d1   Thumb Code    36  rt_cmsis.o(i.svcTimerStop)
    sysMailAlloc                             0x080089f5   Thumb Code    84  rt_cmsis.o(i.sysMailAlloc)
    sysMailFree                              0x08008a4d   Thumb Code    96  rt_cmsis.o(i.sysMailFree)
    sysTimerTick                             0x08008aad   Thumb Code    84  rt_cmsis.o(i.sysTimerTick)
    tlsf_free                                0x08008b09   Thumb Code    60  tlsf.o(i.tlsf_free)
    tlsf_malloc                              0x08008b49   Thumb Code   100  tlsf.o(i.tlsf_malloc)
    uart_interface__alloc_rev_uartmsg        0x08008bcd   Thumb Code    22  uart_interface.o(i.uart_interface__alloc_rev_uartmsg)
    uart_interface__handle_data_from_uart    0x08008be3   Thumb Code    26  uart_interface.o(i.uart_interface__handle_data_from_uart)
    uart_interface__init                     0x08008bfd   Thumb Code    64  uart_interface.o(i.uart_interface__init)
    uart_interface__rev_data                 0x08008c3d   Thumb Code   118  uart_interface.o(i.uart_interface__rev_data)
    uart_interface__start_receive            0x08008cb3   Thumb Code   102  uart_interface.o(i.uart_interface__start_receive)
    os_mutex_def_DYNMemMutex                 0x08008e04   Data           4  tlsf.o(.constdata)
    os_mailQ_def_MsgExecQ                    0x08009208   Data          12  vmsgexec.o(.constdata)
    os_thread_def_TimerActionThread          0x08009290   Data          16  timer.o(.constdata)
    os_mailQ_def_TimerStartStopMQ            0x080092a0   Data          12  timer.o(.constdata)
    RadioRegsInit                            0x080092ac   Data          48  sx1276.o(.constdata)
    FskBandwidths                            0x080092dc   Data         176  sx1276.o(.constdata)
    Radio                                    0x0800938c   Data          88  sx1276.o(.constdata)
    AHBPrescTable                            0x080093fb   Data          16  system_stm32f1xx.o(.constdata)
    APBPrescTable                            0x0800940b   Data           8  system_stm32f1xx.o(.constdata)
    os_maxtaskrun                            0x08009414   Data           2  rtx_conf_cm.o(.constdata)
    os_stackinfo                             0x08009418   Data           4  rtx_conf_cm.o(.constdata)
    os_rrobin                                0x0800941c   Data           4  rtx_conf_cm.o(.constdata)
    os_trv                                   0x08009420   Data           4  rtx_conf_cm.o(.constdata)
    os_flags                                 0x08009424   Data           1  rtx_conf_cm.o(.constdata)
    CMSIS_RTOS_API_Version                   0x08009428   Data           4  rtx_conf_cm.o(.constdata)
    CMSIS_RTOS_RTX_Version                   0x0800942c   Data           4  rtx_conf_cm.o(.constdata)
    os_clockrate                             0x08009430   Data           4  rtx_conf_cm.o(.constdata)
    os_timernum                              0x08009434   Data           4  rtx_conf_cm.o(.constdata)
    os_thread_def_main                       0x08009438   Data          16  rtx_conf_cm.o(.constdata)
    mp_tcb_size                              0x08009448   Data           2  rtx_conf_cm.o(.constdata)
    mp_stk_size                              0x0800944c   Data           4  rtx_conf_cm.o(.constdata)
    os_stack_sz                              0x08009450   Data           4  rtx_conf_cm.o(.constdata)
    os_fifo_size                             0x08009454   Data           1  rtx_conf_cm.o(.constdata)
    os_thread_def_osTimerThread              0x08009458   Data          16  rtx_conf_cm.o(.constdata)
    os_messageQ_def_osTimerMessageQ          0x08009468   Data           8  rtx_conf_cm.o(.constdata)
    mp_tmr_size                              0x08009470   Data           2  rtx_conf_cm.o(.constdata)
    __ctype_table                            0x08009472   Data         129  ctype_o.o(.constdata)
    Region$$Table$$Base                      0x0800955c   Number         0  anon$$obj.o(Region$$Table)
    Region$$Table$$Limit                     0x0800957c   Number         0  anon$$obj.o(Region$$Table)
    elog_assert_hook                         0x20000000   Data           4  elog.o(.data)
    mp                                       0x20000020   Data           4  tlsf.o(.data)
    g_mp                                     0x20000024   Data           4  tlsf.o(.data)
    os_mailQ_p_MsgExecQ                      0x20000028   Data           8  vmsgexec.o(.data)
    MsgExecQID                               0x20000030   Data           4  vmsgexec.o(.data)
    gMsgExec                                 0x20000034   Data           8  vmsgexec.o(.data)
    gVTimer                                  0x2000003c   Data           8  vmsgexec.o(.data)
    os_mailQ_p_TimerStartStopMQ              0x2000004c   Data           8  timer.o(.data)
    tid_TimerStartStopThread                 0x20000054   Data           4  timer.o(.data)
    mqid_TimerStartStopMQ                    0x20000058   Data           4  timer.o(.data)
    uwTickFreq                               0x20000064   Data           1  stm32f1xx_hal.o(.data)
    uwTickPrio                               0x20000068   Data           4  stm32f1xx_hal.o(.data)
    uwTick                                   0x2000006c   Data           4  stm32f1xx_hal.o(.data)
    SystemCoreClock                          0x20000070   Data           4  system_stm32f1xx.o(.data)
    m_tmr                                    0x20000074   Data           4  rtx_conf_cm.o(.data)
    osThreadId_osTimerThread                 0x20000078   Data           4  rtx_conf_cm.o(.data)
    osMessageQId_osTimerMessageQ             0x2000007c   Data           4  rtx_conf_cm.o(.data)
    os_initialized                           0x20000080   Data           1  rt_cmsis.o(.data)
    os_running                               0x20000081   Data           1  rt_cmsis.o(.data)
    os_timer_head                            0x20000084   Data           4  rt_cmsis.o(.data)
    os_time                                  0x20000088   Data           4  rt_time.o(.data)
    os_tsk                                   0x2000008c   Data           8  rt_task.o(.data)
    os_tick_irqn                             0x20000098   Data           4  rt_system.o(.data)
    dbg_msg                                  0x2000009c   Data           1  hal_cm.o(.data)
    os_robin                                 0x200000a0   Data           8  rt_robin.o(.data)
    __stdout                                 0x200000a8   Data           4  stdout.o(.data)
    os_mutex_cb_DYNMemMutex                  0x200005a8   Data          16  tlsf.o(.bss)
    os_mailQ_q_MsgExecQ                      0x20001db8   Data         272  vmsgexec.o(.bss)
    os_mailQ_m_MsgExecQ                      0x20001ec8   Data        1292  vmsgexec.o(.bss)
    g_app                                    0x200023f0   Data         216  app.o(.bss)
    g_keyscan                                0x200024c8   Data          40  key.o(.bss)
    os_mailQ_q_TimerStartStopMQ              0x200026f4   Data          36  timer.o(.bss)
    os_mailQ_m_TimerStartStopMQ              0x20002718   Data          52  timer.o(.bss)
    SX1276                                   0x2000284c   Data          96  sx1276.o(.bss)
    TxTimeoutTimer                           0x200028ac   Data          68  sx1276.o(.bss)
    RxTimeoutTimer                           0x200028f0   Data          68  sx1276.o(.bss)
    RxTimeoutSyncWord                        0x20002934   Data          68  sx1276.o(.bss)
    hspi1                                    0x20002978   Data          88  main.o(.bss)
    htim4                                    0x200029d0   Data          72  main.o(.bss)
    huart1                                   0x20002a18   Data          72  main.o(.bss)
    huart2                                   0x20002a60   Data          72  main.o(.bss)
    hdma_usart2_rx                           0x20002aa8   Data          68  main.o(.bss)
    os_messageQ_q_osTimerMessageQ            0x20002aec   Data          80  rtx_conf_cm.o(.bss)
    mp_tcb                                   0x20002b3c   Data         220  rtx_conf_cm.o(.bss)
    mp_stk                                   0x20002c18   Data        2064  rtx_conf_cm.o(.bss)
    os_stack_mem                             0x20003428   Data        1704  rtx_conf_cm.o(.bss)
    os_fifo                                  0x20003ad0   Data         516  rtx_conf_cm.o(.bss)
    os_active_TCB                            0x20003cd4   Data          16  rtx_conf_cm.o(.bss)
    os_idle_TCB                              0x20003ce4   Data          52  rt_task.o(.bss)
    os_rdy                                   0x20003d18   Data          24  rt_list.o(.bss)
    os_dly                                   0x20003d30   Data          24  rt_list.o(.bss)
    __initial_sp                             0x20004148   Data           0  startup_stm32f103xb.o(STACK)



==============================================================================

Memory Map of the image

  Image Entry point : 0x080000ed

  Load Region LR_IROM1 (Base: 0x08000000, Size: 0x0000962c, Max: 0x00010000, ABSOLUTE)

    Execution Region ER_IROM1 (Exec base: 0x08000000, Load base: 0x08000000, Size: 0x0000957c, Max: 0x00010000, ABSOLUTE)

    Exec Addr    Load Addr    Size         Type   Attr      Idx    E Section Name        Object

    0x08000000   0x08000000   0x000000ec   Data   RO            3    RESET               startup_stm32f103xb.o
    0x080000ec   0x080000ec   0x00000000   Code   RO         6635  * .ARM.Collect$$$$00000000  mc_w.l(entry.o)
    0x080000ec   0x080000ec   0x00000004   Code   RO         6951    .ARM.Collect$$$$00000001  mc_w.l(entry2.o)
    0x080000f0   0x080000f0   0x00000004   Code   RO         6954    .ARM.Collect$$$$00000004  mc_w.l(entry5.o)
    0x080000f4   0x080000f4   0x00000000   Code   RO         6956    .ARM.Collect$$$$00000008  mc_w.l(entry7b.o)
    0x080000f4   0x080000f4   0x00000000   Code   RO         6958    .ARM.Collect$$$$0000000A  mc_w.l(entry8b.o)
    0x080000f4   0x080000f4   0x00000000   Code   RO         6959    .ARM.Collect$$$$0000000D  mc_w.l(entry10a.o)
    0x080000f4   0x080000f4   0x00000000   Code   RO         6961    .ARM.Collect$$$$0000000F  mc_w.l(entry11a.o)
    0x080000f4   0x080000f4   0x00000018   Code   RO         5359    .ARM.Collect$$$$000000FF  rtx_conf_cm.o
    0x0800010c   0x0800010c   0x00000004   Code   RO         6952    .ARM.Collect$$$$00002712  mc_w.l(entry2.o)
    0x08000110   0x08000110   0x00000130   Code   RO         6612    .emb_text           RTX_CM3.lib(hal_cm3.o)
    0x08000240   0x08000240   0x00000024   Code   RO            4    .text               startup_stm32f103xb.o
    0x08000264   0x08000264   0x00000062   Code   RO         6638    .text               mc_w.l(uldiv.o)
    0x080002c6   0x080002c6   0x00000020   Code   RO         6640    .text               mc_w.l(llushr.o)
    0x080002e6   0x080002e6   0x00000024   Code   RO         6642    .text               mc_w.l(memcpya.o)
    0x0800030a   0x0800030a   0x00000024   Code   RO         6644    .text               mc_w.l(memseta.o)
    0x0800032e   0x0800032e   0x00000024   Code   RO         6646    .text               mc_w.l(strstr.o)
    0x08000352   0x08000352   0x0000000e   Code   RO         6650    .text               mc_w.l(strlen.o)
    0x08000360   0x08000360   0x0000001e   Code   RO         6654    .text               mc_w.l(strncmp.o)
    0x0800037e   0x0800037e   0x0000001a   Code   RO         6919    .text               mc_w.l(atoi.o)
    0x08000398   0x08000398   0x0000014e   Code   RO         6925    .text               mf_w.l(dadd.o)
    0x080004e6   0x080004e6   0x000000e4   Code   RO         6927    .text               mf_w.l(dmul.o)
    0x080005ca   0x080005ca   0x000000de   Code   RO         6929    .text               mf_w.l(ddiv.o)
    0x080006a8   0x080006a8   0x0000002e   Code   RO         6931    .text               mf_w.l(dscalb.o)
    0x080006d6   0x080006d6   0x00000022   Code   RO         6937    .text               mf_w.l(dflti.o)
    0x080006f8   0x080006f8   0x0000001a   Code   RO         6939    .text               mf_w.l(dfltui.o)
    0x08000712   0x08000712   0x00000032   Code   RO         6947    .text               mf_w.l(dfixui.o)
    0x08000744   0x08000744   0x00000030   Code   RO         6949    .text               mf_w.l(cdrcmple.o)
    0x08000774   0x08000774   0x0000002c   Code   RO         6964    .text               mc_w.l(uidiv.o)
    0x080007a0   0x080007a0   0x0000001e   Code   RO         6966    .text               mc_w.l(llshl.o)
    0x080007be   0x080007be   0x00000024   Code   RO         6968    .text               mc_w.l(llsshr.o)
    0x080007e2   0x080007e2   0x00000070   Code   RO         6977    .text               mc_w.l(strtol.o)
    0x08000852   0x08000852   0x00000000   Code   RO         6979    .text               mc_w.l(iusefp.o)
    0x08000852   0x08000852   0x000000ba   Code   RO         6982    .text               mf_w.l(depilogue.o)
    0x0800090c   0x0800090c   0x00000088   Code   RO         6984    .text               mf_w.l(drnd.o)
    0x08000994   0x08000994   0x00000030   Code   RO         6986    .text               mf_w.l(dfixul.o)
    0x080009c4   0x080009c4   0x00000030   Code   RO         6988    .text               mf_w.l(cdcmple.o)
    0x080009f4   0x080009f4   0x00000024   Code   RO         6990    .text               mc_w.l(init.o)
    0x08000a18   0x08000a18   0x00000008   Code   RO         6992    .text               mc_w.l(ctype_o.o)
    0x08000a20   0x08000a20   0x0000009e   Code   RO         7020    .text               mc_w.l(_strtoul.o)
    0x08000abe   0x08000abe   0x0000001c   Code   RO         7022    .text               mc_w.l(_chval.o)
    0x08000ada   0x08000ada   0x00000002   PAD
    0x08000adc   0x08000adc   0x00000004   Code   RO         6622    SVC_TABLE           RTX_CM3.lib(svc_table.o)
    0x08000ae0   0x08000ae0   0x00000002   Code   RO         2513    i.BusFault_Handler  stm32f1xx_it.o
    0x08000ae2   0x08000ae2   0x00000002   PAD
    0x08000ae4   0x08000ae4   0x0000005c   Code   RO          933    i.DHT11_Check       dht11.o
    0x08000b40   0x08000b40   0x00000020   Code   RO          934    i.DHT11_IO_IN       dht11.o
    0x08000b60   0x08000b60   0x00000038   Code   RO          935    i.DHT11_IO_OUT      dht11.o
    0x08000b98   0x08000b98   0x00000034   Code   RO          936    i.DHT11_RST         dht11.o
    0x08000bcc   0x08000bcc   0x00000058   Code   RO          937    i.DHT11_Read_Bit    dht11.o
    0x08000c24   0x08000c24   0x0000001a   Code   RO          938    i.DHT11_Read_Byte   dht11.o
    0x08000c3e   0x08000c3e   0x00000050   Code   RO          939    i.DHT11_Read_Data   dht11.o
    0x08000c8e   0x08000c8e   0x00000002   PAD
    0x08000c90   0x08000c90   0x0000000c   Code   RO         2514    i.DMA1_Channel6_IRQHandler  stm32f1xx_it.o
    0x08000c9c   0x08000c9c   0x0000002a   Code   RO         3391    i.DMA_SetConfig     stm32f1xx_hal_dma.o
    0x08000cc6   0x08000cc6   0x00000002   Code   RO         2515    i.DebugMon_Handler  stm32f1xx_it.o
    0x08000cc8   0x08000cc8   0x00000028   Code   RO          940    i.Delay_us          dht11.o
    0x08000cf0   0x08000cf0   0x00000026   Code   RO         2516    i.EXTI15_10_IRQHandler  stm32f1xx_it.o
    0x08000d16   0x08000d16   0x00000004   Code   RO         2439    i.Error_Handler     main.o
    0x08000d1a   0x08000d1a   0x00000002   PAD
    0x08000d1c   0x08000d1c   0x0000002c   Code   RO         2185    i.GetFskBandwidthRegValue  sx1276.o
    0x08000d48   0x08000d48   0x00000046   Code   RO         3392    i.HAL_DMA_Abort     stm32f1xx_hal_dma.o
    0x08000d8e   0x08000d8e   0x00000002   PAD
    0x08000d90   0x08000d90   0x00000098   Code   RO         3393    i.HAL_DMA_Abort_IT  stm32f1xx_hal_dma.o
    0x08000e28   0x08000e28   0x00000004   Code   RO         3395    i.HAL_DMA_GetError  stm32f1xx_hal_dma.o
    0x08000e2c   0x08000e2c   0x00000154   Code   RO         3397    i.HAL_DMA_IRQHandler  stm32f1xx_hal_dma.o
    0x08000f80   0x08000f80   0x0000005c   Code   RO         3398    i.HAL_DMA_Init      stm32f1xx_hal_dma.o
    0x08000fdc   0x08000fdc   0x00000070   Code   RO         3402    i.HAL_DMA_Start_IT  stm32f1xx_hal_dma.o
    0x0800104c   0x0800104c   0x00000024   Code   RO         3018    i.HAL_Delay         stm32f1xx_hal.o
    0x08001070   0x08001070   0x0000001e   Code   RO         1921    i.HAL_GPIO_EXTI_Callback  sx1276-board.o
    0x0800108e   0x0800108e   0x00000002   PAD
    0x08001090   0x08001090   0x00000018   Code   RO         3327    i.HAL_GPIO_EXTI_IRQHandler  stm32f1xx_hal_gpio.o
    0x080010a8   0x080010a8   0x000001e0   Code   RO         3328    i.HAL_GPIO_Init     stm32f1xx_hal_gpio.o
    0x08001288   0x08001288   0x0000000a   Code   RO         3330    i.HAL_GPIO_ReadPin  stm32f1xx_hal_gpio.o
    0x08001292   0x08001292   0x00000010   Code   RO         3331    i.HAL_GPIO_TogglePin  stm32f1xx_hal_gpio.o
    0x080012a2   0x080012a2   0x0000000a   Code   RO         3332    i.HAL_GPIO_WritePin  stm32f1xx_hal_gpio.o
    0x080012ac   0x080012ac   0x0000000c   Code   RO         2440    i.HAL_GetTick       main.o
    0x080012b8   0x080012b8   0x00000024   Code   RO         3029    i.HAL_Init          stm32f1xx_hal.o
    0x080012dc   0x080012dc   0x00000040   Code   RO         3030    i.HAL_InitTick      stm32f1xx_hal.o
    0x0800131c   0x0800131c   0x0000004c   Code   RO         2592    i.HAL_MspInit       stm32f1xx_hal_msp.o
    0x08001368   0x08001368   0x0000001a   Code   RO         3488    i.HAL_NVIC_EnableIRQ  stm32f1xx_hal_cortex.o
    0x08001382   0x08001382   0x00000002   PAD
    0x08001384   0x08001384   0x00000040   Code   RO         3494    i.HAL_NVIC_SetPriority  stm32f1xx_hal_cortex.o
    0x080013c4   0x080013c4   0x00000024   Code   RO         3495    i.HAL_NVIC_SetPriorityGrouping  stm32f1xx_hal_cortex.o
    0x080013e8   0x080013e8   0x0000012c   Code   RO         3186    i.HAL_RCC_ClockConfig  stm32f1xx_hal_rcc.o
    0x08001514   0x08001514   0x00000020   Code   RO         3193    i.HAL_RCC_GetPCLK1Freq  stm32f1xx_hal_rcc.o
    0x08001534   0x08001534   0x00000020   Code   RO         3194    i.HAL_RCC_GetPCLK2Freq  stm32f1xx_hal_rcc.o
    0x08001554   0x08001554   0x0000004c   Code   RO         3195    i.HAL_RCC_GetSysClockFreq  stm32f1xx_hal_rcc.o
    0x080015a0   0x080015a0   0x00000320   Code   RO         3198    i.HAL_RCC_OscConfig  stm32f1xx_hal_rcc.o
    0x080018c0   0x080018c0   0x000000b2   Code   RO         2700    i.HAL_SPI_Init      stm32f1xx_hal_spi.o
    0x08001972   0x08001972   0x00000002   PAD
    0x08001974   0x08001974   0x00000070   Code   RO         2594    i.HAL_SPI_MspInit   stm32f1xx_hal_msp.o
    0x080019e4   0x080019e4   0x00000156   Code   RO         2703    i.HAL_SPI_Receive   stm32f1xx_hal_spi.o
    0x08001b3a   0x08001b3a   0x0000016e   Code   RO         2708    i.HAL_SPI_Transmit  stm32f1xx_hal_spi.o
    0x08001ca8   0x08001ca8   0x000001ee   Code   RO         2709    i.HAL_SPI_TransmitReceive  stm32f1xx_hal_spi.o
    0x08001e96   0x08001e96   0x00000028   Code   RO         3499    i.HAL_SYSTICK_Config  stm32f1xx_hal_cortex.o
    0x08001ebe   0x08001ebe   0x00000002   PAD
    0x08001ec0   0x08001ec0   0x00000068   Code   RO         4713    i.HAL_TIMEx_MasterConfigSynchronization  stm32f1xx_hal_tim_ex.o
    0x08001f28   0x08001f28   0x0000005a   Code   RO         3990    i.HAL_TIM_Base_Init  stm32f1xx_hal_tim.o
    0x08001f82   0x08001f82   0x00000002   PAD
    0x08001f84   0x08001f84   0x00000028   Code   RO         2596    i.HAL_TIM_Base_MspInit  stm32f1xx_hal_msp.o
    0x08001fac   0x08001fac   0x00000050   Code   RO         3993    i.HAL_TIM_Base_Start  stm32f1xx_hal_tim.o
    0x08001ffc   0x08001ffc   0x00000026   Code   RO         3996    i.HAL_TIM_Base_Stop  stm32f1xx_hal_tim.o
    0x08002022   0x08002022   0x000000dc   Code   RO         3999    i.HAL_TIM_ConfigClockSource  stm32f1xx_hal_tim.o
    0x080020fe   0x080020fe   0x00000002   Code   RO         4973    i.HAL_UARTEx_RxEventCallback  stm32f1xx_hal_uart.o
    0x08002100   0x08002100   0x00000094   Code   RO         4976    i.HAL_UART_AbortReceive  stm32f1xx_hal_uart.o
    0x08002194   0x08002194   0x00000002   Code   RO         4987    i.HAL_UART_ErrorCallback  stm32f1xx_hal_uart.o
    0x08002196   0x08002196   0x00000002   PAD
    0x08002198   0x08002198   0x00000018   Code   RO          686    i.HAL_UART_IDLECallBack  app.o
    0x080021b0   0x080021b0   0x0000026c   Code   RO         4990    i.HAL_UART_IRQHandler  stm32f1xx_hal_uart.o
    0x0800241c   0x0800241c   0x00000064   Code   RO         4991    i.HAL_UART_Init     stm32f1xx_hal_uart.o
    0x08002480   0x08002480   0x00000108   Code   RO         2598    i.HAL_UART_MspInit  stm32f1xx_hal_msp.o
    0x08002588   0x08002588   0x0000001c   Code   RO         4995    i.HAL_UART_Receive_DMA  stm32f1xx_hal_uart.o
    0x080025a4   0x080025a4   0x00000018   Code   RO          687    i.HAL_UART_RxCpltCallback  app.o
    0x080025bc   0x080025bc   0x00000002   Code   RO         4998    i.HAL_UART_RxHalfCpltCallback  stm32f1xx_hal_uart.o
    0x080025be   0x080025be   0x0000009a   Code   RO         4999    i.HAL_UART_Transmit  stm32f1xx_hal_uart.o
    0x08002658   0x08002658   0x00000002   Code   RO         5002    i.HAL_UART_TxCpltCallback  stm32f1xx_hal_uart.o
    0x0800265a   0x0800265a   0x00000002   Code   RO         2517    i.HardFault_Handler  stm32f1xx_it.o
    0x0800265c   0x0800265c   0x00000048   Code   RO          688    i.Lora_Config       app.o
    0x080026a4   0x080026a4   0x0000002c   Code   RO          293    i.MAPPING_INSERT    tlsf.o
    0x080026d0   0x080026d0   0x00000138   Code   RO         2441    i.MX_GPIO_Init      main.o
    0x08002808   0x08002808   0x00000044   Code   RO         2442    i.MX_SPI1_Init      main.o
    0x0800284c   0x0800284c   0x00000068   Code   RO         2443    i.MX_TIM4_Init      main.o
    0x080028b4   0x080028b4   0x00000002   Code   RO         2518    i.MemManage_Handler  stm32f1xx_it.o
    0x080028b6   0x080028b6   0x00000002   PAD
    0x080028b8   0x080028b8   0x00000010   Code   RO          522    i.MsgExec_AllocMessage  vmsgexec.o
    0x080028c8   0x080028c8   0x0000005c   Code   RO          523    i.MsgExec_CreateModule  vmsgexec.o
    0x08002924   0x08002924   0x00000040   Code   RO          524    i.MsgExec_Exec      vmsgexec.o
    0x08002964   0x08002964   0x0000005c   Code   RO          525    i.MsgExec_FreeModule  vmsgexec.o
    0x080029c0   0x080029c0   0x00000020   Code   RO          528    i.MsgExec_Init      vmsgexec.o
    0x080029e0   0x080029e0   0x00000014   Code   RO          529    i.MsgExec_PutMessage  vmsgexec.o
    0x080029f4   0x080029f4   0x00000002   Code   RO         2519    i.NMI_Handler       stm32f1xx_it.o
    0x080029f6   0x080029f6   0x0000000a   Code   RO          689    i.NOTIFYHandShake   app.o
    0x08002a00   0x08002a00   0x000001a4   Code   RO          690    i.NotifyButton      app.o
    0x08002ba4   0x08002ba4   0x0000001c   Code   RO          691    i.NotifyMenu        app.o
    0x08002bc0   0x08002bc0   0x000000f4   Code   RO          693    i.NotifyText        app.o
    0x08002cb4   0x08002cb4   0x0000004c   Code   RO          694    i.OnRxDone          app.o
    0x08002d00   0x08002d00   0x00000054   Code   RO          695    i.OnRxError         app.o
    0x08002d54   0x08002d54   0x00000050   Code   RO          696    i.OnRxTimeout       app.o
    0x08002da4   0x08002da4   0x00000050   Code   RO          697    i.OnTxDone          app.o
    0x08002df4   0x08002df4   0x00000068   Code   RO          698    i.OnTxTimeout       app.o
    0x08002e5c   0x08002e5c   0x0000006a   Code   RO          699    i.ProcessMessage    app.o
    0x08002ec6   0x08002ec6   0x0000000a   Code   RO         1990    i.RadioOsTimer_Callback  timer.o
    0x08002ed0   0x08002ed0   0x00000094   Code   RO         2186    i.RxChainCalibration  sx1276.o
    0x08002f64   0x08002f64   0x0000005c   Code   RO         2737    i.SPI_EndRxTransaction  stm32f1xx_hal_spi.o
    0x08002fc0   0x08002fc0   0x00000020   Code   RO         2738    i.SPI_EndRxTxTransaction  stm32f1xx_hal_spi.o
    0x08002fe0   0x08002fe0   0x000000b8   Code   RO         2743    i.SPI_WaitFlagStateUntilTimeout  stm32f1xx_hal_spi.o
    0x08003098   0x08003098   0x00000010   Code   RO         1922    i.SX1276BoardInit   sx1276-board.o
    0x080030a8   0x080030a8   0x00000004   Code   RO         1923    i.SX1276CheckRfFrequency  sx1276-board.o
    0x080030ac   0x080030ac   0x00000014   Code   RO         1924    i.SX1276GetPaSelect  sx1276-board.o
    0x080030c0   0x080030c0   0x0000000c   Code   RO         2187    i.SX1276GetStatus   sx1276.o
    0x080030cc   0x080030cc   0x000001f4   Code   RO         2188    i.SX1276GetTimeOnAir  sx1276.o
    0x080032c0   0x080032c0   0x00000078   Code   RO         2189    i.SX1276Init        sx1276.o
    0x08003338   0x08003338   0x00000036   Code   RO         2190    i.SX1276IsChannelFree  sx1276.o
    0x0800336e   0x0800336e   0x00000002   PAD
    0x08003370   0x08003370   0x00000260   Code   RO         2191    i.SX1276OnDio0Irq   sx1276.o
    0x080035d0   0x080035d0   0x000000c8   Code   RO         2192    i.SX1276OnDio1Irq   sx1276.o
    0x08003698   0x08003698   0x00000070   Code   RO         2194    i.SX1276OnDio3Irq   sx1276.o
    0x08003708   0x08003708   0x00000088   Code   RO         2197    i.SX1276OnTimeoutIrq  sx1276.o
    0x08003790   0x08003790   0x0000003e   Code   RO         2198    i.SX1276Random      sx1276.o
    0x080037ce   0x080037ce   0x00000010   Code   RO         2199    i.SX1276Read        sx1276.o
    0x080037de   0x080037de   0x00000002   PAD
    0x080037e0   0x080037e0   0x00000060   Code   RO         2200    i.SX1276ReadBuffer  sx1276.o
    0x08003840   0x08003840   0x0000000a   Code   RO         2201    i.SX1276ReadFifo    sx1276.o
    0x0800384a   0x0800384a   0x00000002   PAD
    0x0800384c   0x0800384c   0x00000040   Code   RO         2202    i.SX1276ReadRssi    sx1276.o
    0x0800388c   0x0800388c   0x0000002c   Code   RO         2203    i.SX1276Reset       sx1276.o
    0x080038b8   0x080038b8   0x000000f0   Code   RO         2204    i.SX1276Send        sx1276.o
    0x080039a8   0x080039a8   0x00000002   Code   RO         1925    i.SX1276SetAntSw    sx1276-board.o
    0x080039aa   0x080039aa   0x00000002   Code   RO         1926    i.SX1276SetAntSwLowPower  sx1276-board.o
    0x080039ac   0x080039ac   0x00000040   Code   RO         2205    i.SX1276SetChannel  sx1276.o
    0x080039ec   0x080039ec   0x00000034   Code   RO         2206    i.SX1276SetMaxPayloadLength  sx1276.o
    0x08003a20   0x08003a20   0x00000064   Code   RO         2207    i.SX1276SetModem    sx1276.o
    0x08003a84   0x08003a84   0x0000003a   Code   RO         2208    i.SX1276SetOpMode   sx1276.o
    0x08003abe   0x08003abe   0x00000002   PAD
    0x08003ac0   0x08003ac0   0x00000024   Code   RO         2209    i.SX1276SetPreambleLength  sx1276.o
    0x08003ae4   0x08003ae4   0x000002a0   Code   RO         2210    i.SX1276SetRx       sx1276.o
    0x08003d84   0x08003d84   0x00000224   Code   RO         2211    i.SX1276SetRxConfig  sx1276.o
    0x08003fa8   0x08003fa8   0x00000024   Code   RO         2212    i.SX1276SetSleep    sx1276.o
    0x08003fcc   0x08003fcc   0x00000014   Code   RO         2213    i.SX1276SetStby     sx1276.o
    0x08003fe0   0x08003fe0   0x000000a0   Code   RO         2214    i.SX1276SetTx       sx1276.o
    0x08004080   0x08004080   0x00000284   Code   RO         2215    i.SX1276SetTxConfig  sx1276.o
    0x08004304   0x08004304   0x0000003c   Code   RO         2216    i.SX1276StartCad    sx1276.o
    0x08004340   0x08004340   0x0000000c   Code   RO         2217    i.SX1276Write       sx1276.o
    0x0800434c   0x0800434c   0x00000060   Code   RO         2218    i.SX1276WriteBuffer  sx1276.o
    0x080043ac   0x080043ac   0x0000000a   Code   RO         2219    i.SX1276WriteFifo   sx1276.o
    0x080043b6   0x080043b6   0x00000002   PAD
    0x080043b8   0x080043b8   0x00000014   Code   RO         1107    i.SendChar          hmi_user_uart.o
    0x080043cc   0x080043cc   0x00000016   Code   RO         1222    i.SendStrings       hmi_driver.o
    0x080043e2   0x080043e2   0x00000054   Code   RO         1225    i.SetButtonValue    hmi_driver.o
    0x08004436   0x08004436   0x0000003e   Code   RO         1241    i.SetScreen         hmi_driver.o
    0x08004474   0x08004474   0x0000008a   Code   RO         1246    i.SetTextInt32      hmi_driver.o
    0x080044fe   0x080044fe   0x00000054   Code   RO         1248    i.SetTextValue      hmi_driver.o
    0x08004552   0x08004552   0x0000005e   Code   RO         2444    i.SystemClock_Config  main.o
    0x080045b0   0x080045b0   0x00000002   Code   RO         5325    i.SystemInit        system_stm32f1xx.o
    0x080045b2   0x080045b2   0x00000002   PAD
    0x080045b4   0x080045b4   0x0000006c   Code   RO         4083    i.TIM_Base_SetConfig  stm32f1xx_hal_tim.o
    0x08004620   0x08004620   0x00000014   Code   RO         4094    i.TIM_ETR_SetConfig  stm32f1xx_hal_tim.o
    0x08004634   0x08004634   0x00000010   Code   RO         4095    i.TIM_ITRx_SetConfig  stm32f1xx_hal_tim.o
    0x08004644   0x08004644   0x00000022   Code   RO         4101    i.TIM_TI1_ConfigInputStage  stm32f1xx_hal_tim.o
    0x08004666   0x08004666   0x00000024   Code   RO         4103    i.TIM_TI2_ConfigInputStage  stm32f1xx_hal_tim.o
    0x0800468a   0x0800468a   0x00000002   PAD
    0x0800468c   0x0800468c   0x00000048   Code   RO         1991    i.TimerActionThread  timer.o
    0x080046d4   0x080046d4   0x00000020   Code   RO         1992    i.TimerInit         timer.o
    0x080046f4   0x080046f4   0x00000012   Code   RO         1994    i.TimerReset_Action  timer.o
    0x08004706   0x08004706   0x00000004   Code   RO         1995    i.TimerSetValue     timer.o
    0x0800470a   0x0800470a   0x00000008   Code   RO         1996    i.TimerStart        timer.o
    0x08004712   0x08004712   0x0000002e   Code   RO         1997    i.TimerStart_Action  timer.o
    0x08004740   0x08004740   0x00000008   Code   RO         1998    i.TimerStop         timer.o
    0x08004748   0x08004748   0x00000010   Code   RO         1999    i.TimerStop_Action  timer.o
    0x08004758   0x08004758   0x00000028   Code   RO         2000    i.Timer_SendAction  timer.o
    0x08004780   0x08004780   0x00000024   Code   RO         2001    i.Timer_SystemInit  timer.o
    0x080047a4   0x080047a4   0x00000010   Code   RO         5004    i.UART_DMAAbortOnError  stm32f1xx_hal_uart.o
    0x080047b4   0x080047b4   0x0000004a   Code   RO         5005    i.UART_DMAError     stm32f1xx_hal_uart.o
    0x080047fe   0x080047fe   0x00000086   Code   RO         5006    i.UART_DMAReceiveCplt  stm32f1xx_hal_uart.o
    0x08004884   0x08004884   0x0000001e   Code   RO         5008    i.UART_DMARxHalfCplt  stm32f1xx_hal_uart.o
    0x080048a2   0x080048a2   0x0000004e   Code   RO         5014    i.UART_EndRxTransfer  stm32f1xx_hal_uart.o
    0x080048f0   0x080048f0   0x0000001c   Code   RO         5015    i.UART_EndTxTransfer  stm32f1xx_hal_uart.o
    0x0800490c   0x0800490c   0x000000c2   Code   RO         5016    i.UART_Receive_IT   stm32f1xx_hal_uart.o
    0x080049ce   0x080049ce   0x00000002   PAD
    0x080049d0   0x080049d0   0x000000b8   Code   RO         5017    i.UART_SetConfig    stm32f1xx_hal_uart.o
    0x08004a88   0x08004a88   0x00000090   Code   RO         5018    i.UART_Start_Receive_DMA  stm32f1xx_hal_uart.o
    0x08004b18   0x08004b18   0x00000078   Code   RO         5020    i.UART_WaitOnFlagUntilTimeout  stm32f1xx_hal_uart.o
    0x08004b90   0x08004b90   0x0000000c   Code   RO         2520    i.USART1_IRQHandler  stm32f1xx_it.o
    0x08004b9c   0x08004b9c   0x0000002c   Code   RO         2521    i.USART2_IRQHandler  stm32f1xx_it.o
    0x08004bc8   0x08004bc8   0x00000002   Code   RO         2522    i.UsageFault_Handler  stm32f1xx_it.o
    0x08004bca   0x08004bca   0x00000016   Code   RO          531    i.VWM_ClearWndTimer  vmsgexec.o
    0x08004be0   0x08004be0   0x00000078   Code   RO          532    i.VWM_CreateTimer   vmsgexec.o
    0x08004c58   0x08004c58   0x0000005c   Code   RO          534    i.VWM_DeleteTimer   vmsgexec.o
    0x08004cb4   0x08004cb4   0x00000018   Code   RO          535    i.VWM_FindTimerByWnd  vmsgexec.o
    0x08004ccc   0x08004ccc   0x0000000c   Code   RO          536    i.VWM_RestartTimer  vmsgexec.o
    0x08004cd8   0x08004cd8   0x00000030   Code   RO          539    i.VWM_SendMessageP  vmsgexec.o
    0x08004d08   0x08004d08   0x0000000e   Code   RO          540    i.VWM_StartTimer    vmsgexec.o
    0x08004d16   0x08004d16   0x00000002   PAD
    0x08004d18   0x08004d18   0x00000010   Code   RO          542    i.VWM_TimerInit     vmsgexec.o
    0x08004d28   0x08004d28   0x00000020   Code   RO         6891    i.__0printf         mc_w.l(printfa.o)
    0x08004d48   0x08004d48   0x00000030   Code   RO         6892    i.__0snprintf       mc_w.l(printfa.o)
    0x08004d78   0x08004d78   0x0000002c   Code   RO         6896    i.__0vsnprintf      mc_w.l(printfa.o)
    0x08004da4   0x08004da4   0x00000020   Code   RO         3501    i.__NVIC_SetPriority  stm32f1xx_hal_cortex.o
    0x08004dc4   0x08004dc4   0x00000008   Code   RO         6970    i.__aeabi_errno_addr  mc_w.l(errno.o)
    0x08004dcc   0x08004dcc   0x0000000e   Code   RO         7026    i.__scatterload_copy  mc_w.l(handlers.o)
    0x08004dda   0x08004dda   0x00000002   Code   RO         7027    i.__scatterload_null  mc_w.l(handlers.o)
    0x08004ddc   0x08004ddc   0x0000000e   Code   RO         7028    i.__scatterload_zeroinit  mc_w.l(handlers.o)
    0x08004dea   0x08004dea   0x00000002   PAD
    0x08004dec   0x08004dec   0x00000184   Code   RO         6898    i._fp_digits        mc_w.l(printfa.o)
    0x08004f70   0x08004f70   0x00000046   Code   RO         6490    i._init_box         RTX_CM3.lib(rt_membox.o)
    0x08004fb6   0x08004fb6   0x00000002   PAD
    0x08004fb8   0x08004fb8   0x000006dc   Code   RO         6899    i._printf_core      mc_w.l(printfa.o)
    0x08005694   0x08005694   0x00000024   Code   RO         6900    i._printf_post_padding  mc_w.l(printfa.o)
    0x080056b8   0x080056b8   0x0000002e   Code   RO         6901    i._printf_pre_padding  mc_w.l(printfa.o)
    0x080056e6   0x080056e6   0x00000016   Code   RO         6902    i._snputc           mc_w.l(printfa.o)
    0x080056fc   0x080056fc   0x00000358   Code   RO          700    i.app_dlgcallback   app.o
    0x08005a54   0x08005a54   0x00000180   Code   RO          701    i.app_init          app.o
    0x08005bd4   0x08005bd4   0x00000054   Code   RO          702    i.app_key_change_callback  app.o
    0x08005c28   0x08005c28   0x0000017c   Code   RO          703    i.app_rev_lora_msg  app.o
    0x08005da4   0x08005da4   0x0000006c   Code   RO          704    i.app_uart_handle_effective_frame_callback  app.o
    0x08005e10   0x08005e10   0x000000ac   Code   RO          705    i.app_update_channel  app.o
    0x08005ebc   0x08005ebc   0x000000dc   Code   RO          706    i.app_update_default_channel  app.o
    0x08005f98   0x08005f98   0x000000dc   Code   RO         6626    i.ceil              m_ws.l(ceil.o)
    0x08006074   0x08006074   0x00000018   Code   RO          296    i.clear_bit         tlsf.o
    0x0800608c   0x0800608c   0x00000030   Code   RO         6543    i.dbg_init          RTX_CM3.lib(hal_cm.o)
    0x080060bc   0x080060bc   0x00000020   Code   RO         6544    i.dbg_task_notify   RTX_CM3.lib(hal_cm.o)
    0x080060dc   0x080060dc   0x00000010   Code   RO         6545    i.dbg_task_switch   RTX_CM3.lib(hal_cm.o)
    0x080060ec   0x080060ec   0x00000010   Code   RO          298    i.dm_init           tlsf.o
    0x080060fc   0x080060fc   0x000000ec   Code   RO           14    i.elog_get_filter_tag_lvl  elog.o
    0x080061e8   0x080061e8   0x00000064   Code   RO           17    i.elog_init         elog.o
    0x0800624c   0x0800624c   0x00000354   Code   RO           18    i.elog_output       elog.o
    0x080065a0   0x080065a0   0x00000020   Code   RO           19    i.elog_output_lock  elog.o
    0x080065c0   0x080065c0   0x0000002c   Code   RO           20    i.elog_output_lock_enabled  elog.o
    0x080065ec   0x080065ec   0x00000020   Code   RO           21    i.elog_output_unlock  elog.o
    0x0800660c   0x0800660c   0x00000002   Code   RO          233    i.elog_port_get_p_info  elog_port.o
    0x0800660e   0x0800660e   0x00000002   Code   RO          234    i.elog_port_get_t_info  elog_port.o
    0x08006610   0x08006610   0x00000002   Code   RO          235    i.elog_port_get_time  elog_port.o
    0x08006612   0x08006612   0x00000004   Code   RO          236    i.elog_port_init    elog_port.o
    0x08006616   0x08006616   0x00000002   PAD
    0x08006618   0x08006618   0x00000010   Code   RO          237    i.elog_port_output  elog_port.o
    0x08006628   0x08006628   0x00000002   Code   RO          238    i.elog_port_output_lock  elog_port.o
    0x0800662a   0x0800662a   0x00000002   Code   RO          239    i.elog_port_output_unlock  elog_port.o
    0x0800662c   0x0800662c   0x000000b0   Code   RO           25    i.elog_set_filter_lvl  elog.o
    0x080066dc   0x080066dc   0x000000b8   Code   RO           28    i.elog_set_fmt      elog.o
    0x08006794   0x08006794   0x00000088   Code   RO           30    i.elog_start        elog.o
    0x0800681c   0x0800681c   0x000000f0   Code   RO          209    i.elog_strcpy       elog_utils.o
    0x0800690c   0x0800690c   0x000000dc   Code   RO         6630    i.floor             m_ws.l(floor.o)
    0x080069e8   0x080069e8   0x00000018   Code   RO         2445    i.fputc             main.o
    0x08006a00   0x08006a00   0x00000180   Code   RO          299    i.free_ex           tlsf.o
    0x08006b80   0x08006b80   0x000000c0   Code   RO           32    i.get_fmt_enabled   elog.o
    0x08006c40   0x08006c40   0x00000012   Code   RO           33    i.get_fmt_used_and_enabled_ptr  elog.o
    0x08006c52   0x08006c52   0x00000012   Code   RO           34    i.get_fmt_used_and_enabled_u32  elog.o
    0x08006c64   0x08006c64   0x000000cc   Code   RO          707    i.gui_frefresh_manager_dlg  app.o
    0x08006d30   0x08006d30   0x00000108   Code   RO          302    i.init_memory_pool  tlsf.o
    0x08006e38   0x08006e38   0x0000002a   Code   RO         5420    i.isrMessageGet     RTX_CM3.lib(rt_cmsis.o)
    0x08006e62   0x08006e62   0x0000002c   Code   RO         5421    i.isrMessagePut     RTX_CM3.lib(rt_cmsis.o)
    0x08006e8e   0x08006e8e   0x00000002   PAD
    0x08006e90   0x08006e90   0x00000056   Code   RO         6369    i.isr_mbx_receive   RTX_CM3.lib(rt_mailbox.o)
    0x08006ee6   0x08006ee6   0x0000000e   Code   RO         6370    i.isr_mbx_send      RTX_CM3.lib(rt_mailbox.o)
    0x08006ef4   0x08006ef4   0x00000060   Code   RO          996    i.key_init          key.o
    0x08006f54   0x08006f54   0x0000005c   Code   RO          997    i.key_scan          key.o
    0x08006fb0   0x08006fb0   0x00000010   Code   RO          892    i.led_toggole       bsp.o
    0x08006fc0   0x08006fc0   0x00000034   Code   RO          303    i.ls_bit            tlsf.o
    0x08006ff4   0x08006ff4   0x00000138   Code   RO         2446    i.main              main.o
    0x0800712c   0x0800712c   0x00000180   Code   RO          304    i.malloc_ex         tlsf.o
    0x080072ac   0x080072ac   0x00000030   Code   RO          305    i.ms_bit            tlsf.o
    0x080072dc   0x080072dc   0x00000024   Code   RO         5425    i.osKernelInitialize  RTX_CM3.lib(rt_cmsis.o)
    0x08007300   0x08007300   0x0000006c   Code   RO         5427    i.osKernelStart     RTX_CM3.lib(rt_cmsis.o)
    0x0800736c   0x0800736c   0x00000030   Code   RO         5430    i.osMailCAlloc      RTX_CM3.lib(rt_cmsis.o)
    0x0800739c   0x0800739c   0x0000002c   Code   RO         5431    i.osMailCreate      RTX_CM3.lib(rt_cmsis.o)
    0x080073c8   0x080073c8   0x0000001c   Code   RO         5432    i.osMailFree        RTX_CM3.lib(rt_cmsis.o)
    0x080073e4   0x080073e4   0x00000016   Code   RO         5433    i.osMailGet         RTX_CM3.lib(rt_cmsis.o)
    0x080073fa   0x080073fa   0x00000014   Code   RO         5434    i.osMailPut         RTX_CM3.lib(rt_cmsis.o)
    0x0800740e   0x0800740e   0x00000002   PAD
    0x08007410   0x08007410   0x00000018   Code   RO         5436    i.osMessageGet      RTX_CM3.lib(rt_cmsis.o)
    0x08007428   0x08007428   0x00000018   Code   RO         5437    i.osMessagePut      RTX_CM3.lib(rt_cmsis.o)
    0x08007440   0x08007440   0x0000002c   Code   RO         5438    i.osMutexCreate     RTX_CM3.lib(rt_cmsis.o)
    0x0800746c   0x0800746c   0x00000018   Code   RO         5440    i.osMutexRelease    RTX_CM3.lib(rt_cmsis.o)
    0x08007484   0x08007484   0x00000018   Code   RO         5441    i.osMutexWait       RTX_CM3.lib(rt_cmsis.o)
    0x0800749c   0x0800749c   0x0000002c   Code   RO         5453    i.osThreadCreate    RTX_CM3.lib(rt_cmsis.o)
    0x080074c8   0x080074c8   0x00000018   Code   RO         5454    i.osThreadExit      RTX_CM3.lib(rt_cmsis.o)
    0x080074e0   0x080074e0   0x0000000c   Code   RO         5460    i.osTimerCall       RTX_CM3.lib(rt_cmsis.o)
    0x080074ec   0x080074ec   0x0000002c   Code   RO         5461    i.osTimerCreate     RTX_CM3.lib(rt_cmsis.o)
    0x08007518   0x08007518   0x00000018   Code   RO         5462    i.osTimerDelete     RTX_CM3.lib(rt_cmsis.o)
    0x08007530   0x08007530   0x00000018   Code   RO         5463    i.osTimerStart      RTX_CM3.lib(rt_cmsis.o)
    0x08007548   0x08007548   0x00000018   Code   RO         5464    i.osTimerStop       RTX_CM3.lib(rt_cmsis.o)
    0x08007560   0x08007560   0x0000002c   Code   RO         5465    i.osTimerThread     RTX_CM3.lib(rt_cmsis.o)
    0x0800758c   0x0800758c   0x0000002e   Code   RO          543    i.osTimer_Callback  vmsgexec.o
    0x080075ba   0x080075ba   0x00000002   Code   RO         5360    i.os_error          rtx_conf_cm.o
    0x080075bc   0x080075bc   0x00000002   Code   RO         5361    i.os_idle_demon     rtx_conf_cm.o
    0x080075be   0x080075be   0x00000002   PAD
    0x080075c0   0x080075c0   0x00000028   Code   RO         6157    i.os_tick_init      RTX_CM3.lib(rt_system.o)
    0x080075e8   0x080075e8   0x00000002   Code   RO         6158    i.os_tick_irqack    RTX_CM3.lib(rt_system.o)
    0x080075ea   0x080075ea   0x0000002c   Code   RO          306    i.process_area      tlsf.o
    0x08007616   0x08007616   0x00000002   PAD
    0x08007618   0x08007618   0x00000078   Code   RO         1855    i.queue_find_cmd    cmd_queue.o
    0x08007690   0x08007690   0x00000020   Code   RO         1856    i.queue_push        cmd_queue.o
    0x080076b0   0x080076b0   0x00000018   Code   RO         1857    i.queue_reset       cmd_queue.o
    0x080076c8   0x080076c8   0x00000094   Code   RO         6633    i.round             m_ws.l(round.o)
    0x0800775c   0x0800775c   0x0000001a   Code   RO         6491    i.rt_alloc_box      RTX_CM3.lib(rt_membox.o)
    0x08007776   0x08007776   0x0000003e   Code   RO         6519    i.rt_alloc_mem      RTX_CM3.lib(rt_memory.o)
    0x080077b4   0x080077b4   0x00000038   Code   RO         6072    i.rt_block          RTX_CM3.lib(rt_task.o)
    0x080077ec   0x080077ec   0x00000048   Code   RO         6591    i.rt_chk_robin      RTX_CM3.lib(rt_robin.o)
    0x08007834   0x08007834   0x00000018   Code   RO         5469    i.rt_clr_box        RTX_CM3.lib(rt_cmsis.o)
    0x0800784c   0x0800784c   0x00000070   Code   RO         6293    i.rt_dec_dly        RTX_CM3.lib(rt_list.o)
    0x080078bc   0x080078bc   0x00000044   Code   RO         6073    i.rt_dispatch       RTX_CM3.lib(rt_task.o)
    0x08007900   0x08007900   0x00000050   Code   RO         6250    i.rt_evt_psh        RTX_CM3.lib(rt_event.o)
    0x08007950   0x08007950   0x0000002c   Code   RO         6492    i.rt_free_box       RTX_CM3.lib(rt_membox.o)
    0x0800797c   0x0800797c   0x00000028   Code   RO         6520    i.rt_free_mem       RTX_CM3.lib(rt_memory.o)
    0x080079a4   0x080079a4   0x00000028   Code   RO         6294    i.rt_get_first      RTX_CM3.lib(rt_list.o)
    0x080079cc   0x080079cc   0x00000008   Code   RO         5470    i.rt_id2obj         RTX_CM3.lib(rt_cmsis.o)
    0x080079d4   0x080079d4   0x00000048   Code   RO         6074    i.rt_init_context   RTX_CM3.lib(rt_task.o)
    0x08007a1c   0x08007a1c   0x0000001a   Code   RO         6521    i.rt_init_mem       RTX_CM3.lib(rt_memory.o)
    0x08007a36   0x08007a36   0x00000002   PAD
    0x08007a38   0x08007a38   0x00000018   Code   RO         6592    i.rt_init_robin     RTX_CM3.lib(rt_robin.o)
    0x08007a50   0x08007a50   0x00000080   Code   RO         6546    i.rt_init_stack     RTX_CM3.lib(hal_cm.o)
    0x08007ad0   0x08007ad0   0x00000008   Code   RO         6371    i.rt_mbx_check      RTX_CM3.lib(rt_mailbox.o)
    0x08007ad8   0x08007ad8   0x0000001a   Code   RO         6372    i.rt_mbx_init       RTX_CM3.lib(rt_mailbox.o)
    0x08007af2   0x08007af2   0x00000002   PAD
    0x08007af4   0x08007af4   0x000000f0   Code   RO         6373    i.rt_mbx_psh        RTX_CM3.lib(rt_mailbox.o)
    0x08007be4   0x08007be4   0x00000098   Code   RO         6374    i.rt_mbx_send       RTX_CM3.lib(rt_mailbox.o)
    0x08007c7c   0x08007c7c   0x000000b4   Code   RO         6375    i.rt_mbx_wait       RTX_CM3.lib(rt_mailbox.o)
    0x08007d30   0x08007d30   0x00000044   Code   RO         5471    i.rt_ms2tick        RTX_CM3.lib(rt_cmsis.o)
    0x08007d74   0x08007d74   0x00000010   Code   RO         6460    i.rt_mut_init       RTX_CM3.lib(rt_mutex.o)
    0x08007d84   0x08007d84   0x000000d8   Code   RO         6461    i.rt_mut_release    RTX_CM3.lib(rt_mutex.o)
    0x08007e5c   0x08007e5c   0x00000078   Code   RO         6462    i.rt_mut_wait       RTX_CM3.lib(rt_mutex.o)
    0x08007ed4   0x08007ed4   0x0000007c   Code   RO         6161    i.rt_pop_req        RTX_CM3.lib(rt_system.o)
    0x08007f50   0x08007f50   0x00000020   Code   RO         6162    i.rt_psh_req        RTX_CM3.lib(rt_system.o)
    0x08007f70   0x08007f70   0x0000005c   Code   RO         6296    i.rt_psq_enq        RTX_CM3.lib(rt_list.o)
    0x08007fcc   0x08007fcc   0x00000048   Code   RO         6297    i.rt_put_dly        RTX_CM3.lib(rt_list.o)
    0x08008014   0x08008014   0x00000036   Code   RO         6298    i.rt_put_prio       RTX_CM3.lib(rt_list.o)
    0x0800804a   0x0800804a   0x00000002   PAD
    0x0800804c   0x0800804c   0x00000014   Code   RO         6299    i.rt_put_rdy_first  RTX_CM3.lib(rt_list.o)
    0x08008060   0x08008060   0x00000034   Code   RO         6300    i.rt_resort_prio    RTX_CM3.lib(rt_list.o)
    0x08008094   0x08008094   0x00000006   Code   RO         6547    i.rt_ret_val        RTX_CM3.lib(hal_cm.o)
    0x0800809a   0x0800809a   0x00000008   Code   RO         6548    i.rt_ret_val2       RTX_CM3.lib(hal_cm.o)
    0x080080a2   0x080080a2   0x00000028   Code   RO         6301    i.rt_rmv_dly        RTX_CM3.lib(rt_list.o)
    0x080080ca   0x080080ca   0x00000002   PAD
    0x080080cc   0x080080cc   0x00000030   Code   RO         6302    i.rt_rmv_list       RTX_CM3.lib(rt_list.o)
    0x080080fc   0x080080fc   0x00000034   Code   RO         6420    i.rt_sem_psh        RTX_CM3.lib(rt_semaphore.o)
    0x08008130   0x08008130   0x00000024   Code   RO         6164    i.rt_stk_check      RTX_CM3.lib(rt_system.o)
    0x08008154   0x08008154   0x00000028   Code   RO         6075    i.rt_switch_req     RTX_CM3.lib(rt_task.o)
    0x0800817c   0x0800817c   0x000000cc   Code   RO         6076    i.rt_sys_init       RTX_CM3.lib(rt_task.o)
    0x08008248   0x08008248   0x00000078   Code   RO         6077    i.rt_sys_start      RTX_CM3.lib(rt_task.o)
    0x080082c0   0x080082c0   0x00000040   Code   RO         6166    i.rt_systick        RTX_CM3.lib(rt_system.o)
    0x08008300   0x08008300   0x00000012   Code   RO         5472    i.rt_tid2ptcb       RTX_CM3.lib(rt_cmsis.o)
    0x08008312   0x08008312   0x00000002   PAD
    0x08008314   0x08008314   0x00000034   Code   RO         5473    i.rt_timer_insert   RTX_CM3.lib(rt_cmsis.o)
    0x08008348   0x08008348   0x0000003c   Code   RO         5474    i.rt_timer_remove   RTX_CM3.lib(rt_cmsis.o)
    0x08008384   0x08008384   0x00000088   Code   RO         6078    i.rt_tsk_create     RTX_CM3.lib(rt_task.o)
    0x0800840c   0x0800840c   0x0000017c   Code   RO         6079    i.rt_tsk_delete     RTX_CM3.lib(rt_task.o)
    0x08008588   0x08008588   0x0000007c   Code   RO         6081    i.rt_tsk_prio       RTX_CM3.lib(rt_task.o)
    0x08008604   0x08008604   0x00000010   Code   RO         6082    i.rt_tsk_self       RTX_CM3.lib(rt_task.o)
    0x08008614   0x08008614   0x00000018   Code   RO          308    i.set_bit           tlsf.o
    0x0800862c   0x0800862c   0x00000070   Code   RO         5476    i.svcKernelInitialize  RTX_CM3.lib(rt_cmsis.o)
    0x0800869c   0x0800869c   0x00000048   Code   RO         5478    i.svcKernelStart    RTX_CM3.lib(rt_cmsis.o)
    0x080086e4   0x080086e4   0x00000042   Code   RO         5480    i.svcMailCreate     RTX_CM3.lib(rt_cmsis.o)
    0x08008726   0x08008726   0x00000024   Code   RO         5481    i.svcMessageCreate  RTX_CM3.lib(rt_cmsis.o)
    0x0800874a   0x0800874a   0x0000003a   Code   RO         5482    i.svcMessageGet     RTX_CM3.lib(rt_cmsis.o)
    0x08008784   0x08008784   0x00000036   Code   RO         5483    i.svcMessagePut     RTX_CM3.lib(rt_cmsis.o)
    0x080087ba   0x080087ba   0x0000001c   Code   RO         5484    i.svcMutexCreate    RTX_CM3.lib(rt_cmsis.o)
    0x080087d6   0x080087d6   0x00000022   Code   RO         5486    i.svcMutexRelease   RTX_CM3.lib(rt_cmsis.o)
    0x080087f8   0x080087f8   0x0000003a   Code   RO         5487    i.svcMutexWait      RTX_CM3.lib(rt_cmsis.o)
    0x08008832   0x08008832   0x00000002   PAD
    0x08008834   0x08008834   0x0000006c   Code   RO         5496    i.svcThreadCreate   RTX_CM3.lib(rt_cmsis.o)
    0x080088a0   0x080088a0   0x0000001c   Code   RO         5497    i.svcThreadGetId    RTX_CM3.lib(rt_cmsis.o)
    0x080088bc   0x080088bc   0x00000038   Code   RO         5500    i.svcThreadTerminate  RTX_CM3.lib(rt_cmsis.o)
    0x080088f4   0x080088f4   0x00000018   Code   RO         5502    i.svcTimerCall      RTX_CM3.lib(rt_cmsis.o)
    0x0800890c   0x0800890c   0x00000038   Code   RO         5503    i.svcTimerCreate    RTX_CM3.lib(rt_cmsis.o)
    0x08008944   0x08008944   0x00000028   Code   RO         5504    i.svcTimerDelete    RTX_CM3.lib(rt_cmsis.o)
    0x0800896c   0x0800896c   0x00000064   Code   RO         5505    i.svcTimerStart     RTX_CM3.lib(rt_cmsis.o)
    0x080089d0   0x080089d0   0x00000024   Code   RO         5506    i.svcTimerStop      RTX_CM3.lib(rt_cmsis.o)
    0x080089f4   0x080089f4   0x00000058   Code   RO         5507    i.sysMailAlloc      RTX_CM3.lib(rt_cmsis.o)
    0x08008a4c   0x08008a4c   0x00000060   Code   RO         5508    i.sysMailFree       RTX_CM3.lib(rt_cmsis.o)
    0x08008aac   0x08008aac   0x0000005c   Code   RO         5511    i.sysTimerTick      RTX_CM3.lib(rt_cmsis.o)
    0x08008b08   0x08008b08   0x00000040   Code   RO          310    i.tlsf_free         tlsf.o
    0x08008b48   0x08008b48   0x00000084   Code   RO          311    i.tlsf_malloc       tlsf.o
    0x08008bcc   0x08008bcc   0x00000016   Code   RO         1035    i.uart_interface__alloc_rev_uartmsg  uart_interface.o
    0x08008be2   0x08008be2   0x0000001a   Code   RO         1037    i.uart_interface__handle_data_from_uart  uart_interface.o
    0x08008bfc   0x08008bfc   0x00000040   Code   RO         1039    i.uart_interface__init  uart_interface.o
    0x08008c3c   0x08008c3c   0x00000076   Code   RO         1040    i.uart_interface__rev_data  uart_interface.o
    0x08008cb2   0x08008cb2   0x00000066   Code   RO         1043    i.uart_interface__start_receive  uart_interface.o
    0x08008d18   0x08008d18   0x000000c6   Data   RO           36    .constdata          elog.o
    0x08008dde   0x08008dde   0x00000023   Data   RO          210    .constdata          elog_utils.o
    0x08008e01   0x08008e01   0x00000003   PAD
    0x08008e04   0x08008e04   0x00000404   Data   RO          315    .constdata          tlsf.o
    0x08009208   0x08009208   0x0000000c   Data   RO          547    .constdata          vmsgexec.o
    0x08009214   0x08009214   0x0000007a   Data   RO          710    .constdata          app.o
    0x0800928e   0x0800928e   0x00000002   PAD
    0x08009290   0x08009290   0x0000001c   Data   RO         2004    .constdata          timer.o
    0x080092ac   0x080092ac   0x000000e0   Data   RO         2221    .constdata          sx1276.o
    0x0800938c   0x0800938c   0x00000058   Data   RO         2222    .constdata          sx1276.o
    0x080093e4   0x080093e4   0x00000005   Data   RO         2449    .constdata          main.o
    0x080093e9   0x080093e9   0x00000012   Data   RO         3199    .constdata          stm32f1xx_hal_rcc.o
    0x080093fb   0x080093fb   0x00000010   Data   RO         5326    .constdata          system_stm32f1xx.o
    0x0800940b   0x0800940b   0x00000008   Data   RO         5327    .constdata          system_stm32f1xx.o
    0x08009413   0x08009413   0x00000001   PAD
    0x08009414   0x08009414   0x00000002   Data   RO         5368    .constdata          rtx_conf_cm.o
    0x08009416   0x08009416   0x00000002   PAD
    0x08009418   0x08009418   0x00000004   Data   RO         5369    .constdata          rtx_conf_cm.o
    0x0800941c   0x0800941c   0x00000004   Data   RO         5370    .constdata          rtx_conf_cm.o
    0x08009420   0x08009420   0x00000004   Data   RO         5374    .constdata          rtx_conf_cm.o
    0x08009424   0x08009424   0x00000001   Data   RO         5375    .constdata          rtx_conf_cm.o
    0x08009425   0x08009425   0x00000003   PAD
    0x08009428   0x08009428   0x00000020   Data   RO         5376    .constdata          rtx_conf_cm.o
    0x08009448   0x08009448   0x00000002   Data   RO         5377    .constdata          rtx_conf_cm.o
    0x0800944a   0x0800944a   0x00000002   PAD
    0x0800944c   0x0800944c   0x00000004   Data   RO         5378    .constdata          rtx_conf_cm.o
    0x08009450   0x08009450   0x00000004   Data   RO         5379    .constdata          rtx_conf_cm.o
    0x08009454   0x08009454   0x00000001   Data   RO         5380    .constdata          rtx_conf_cm.o
    0x08009455   0x08009455   0x00000003   PAD
    0x08009458   0x08009458   0x00000010   Data   RO         5381    .constdata          rtx_conf_cm.o
    0x08009468   0x08009468   0x00000008   Data   RO         5382    .constdata          rtx_conf_cm.o
    0x08009470   0x08009470   0x00000002   Data   RO         5383    .constdata          rtx_conf_cm.o
    0x08009472   0x08009472   0x00000081   Data   RO         6993    .constdata          mc_w.l(ctype_o.o)
    0x080094f3   0x080094f3   0x00000001   PAD
    0x080094f4   0x080094f4   0x00000004   Data   RO         6994    .constdata          mc_w.l(ctype_o.o)
    0x080094f8   0x080094f8   0x00000017   Data   RO           37    .conststring        elog.o
    0x0800950f   0x0800950f   0x00000001   PAD
    0x08009510   0x08009510   0x0000004a   Data   RO          711    .conststring        app.o
    0x0800955a   0x0800955a   0x00000002   PAD
    0x0800955c   0x0800955c   0x00000020   Data   RO         7024    Region$$Table       anon$$obj.o


    Execution Region RW_IRAM1 (Exec base: 0x20000000, Load base: 0x0800957c, Size: 0x00004148, Max: 0x00005000, ABSOLUTE)

    Exec Addr    Load Addr    Size         Type   Attr      Idx    E Section Name        Object

    0x20000000   0x0800957c   0x0000001c   Data   RW           38    .data               elog.o
    0x2000001c   0x08009598   0x0000000c   Data   RW          316    .data               tlsf.o
    0x20000028   0x080095a4   0x00000008   Data   RW          549    .data               vmsgexec.o
    0x20000030   0x080095ac   0x00000014   Data   RW          550    .data               vmsgexec.o
    0x20000044   0x080095c0   0x00000008   Data   RW         1859    .data               cmd_queue.o
    0x2000004c   0x080095c8   0x00000008   Data   RW         2005    .data               timer.o
    0x20000054   0x080095d0   0x00000008   Data   RW         2006    .data               timer.o
    0x2000005c   0x080095d8   0x00000008   Data   RW         2223    .data               sx1276.o
    0x20000064   0x080095e0   0x0000000c   Data   RW         3036    .data               stm32f1xx_hal.o
    0x20000070   0x080095ec   0x00000004   Data   RW         5328    .data               system_stm32f1xx.o
    0x20000074   0x080095f0   0x00000004   Data   RW         5385    .data               rtx_conf_cm.o
    0x20000078   0x080095f4   0x00000004   Data   RW         5386    .data               rtx_conf_cm.o
    0x2000007c   0x080095f8   0x00000004   Data   RW         5387    .data               rtx_conf_cm.o
    0x20000080   0x080095fc   0x00000008   Data   RW         5514    .data               RTX_CM3.lib(rt_cmsis.o)
    0x20000088   0x08009604   0x00000004   Data   RW         6043    .data               RTX_CM3.lib(rt_time.o)
    0x2000008c   0x08009608   0x00000008   Data   RW         6084    .data               RTX_CM3.lib(rt_task.o)
    0x20000094   0x08009610   0x00000008   Data   RW         6169    .data               RTX_CM3.lib(rt_system.o)
    0x2000009c   0x08009618   0x00000001   Data   RW         6549    .data               RTX_CM3.lib(hal_cm.o)
    0x2000009d   0x08009619   0x00000003   PAD
    0x200000a0   0x0800961c   0x00000008   Data   RW         6593    .data               RTX_CM3.lib(rt_robin.o)
    0x200000a8   0x08009624   0x00000004   Data   RW         6963    .data               mc_w.l(stdout.o)
    0x200000ac   0x08009628   0x00000004   Data   RW         6973    .data               mc_w.l(errno.o)
    0x200000b0        -       0x000004f8   Zero   RW           35    .bss                elog.o
    0x200005a8        -       0x00000010   Zero   RW          313    .bss                tlsf.o
    0x200005b8        -       0x00001800   Zero   RW          314    .bss                tlsf.o
    0x20001db8        -       0x00000110   Zero   RW          544    .bss                vmsgexec.o
    0x20001ec8        -       0x0000050c   Zero   RW          545    .bss                vmsgexec.o
    0x200023d4        -       0x000000f4   Zero   RW          709    .bss                app.o
    0x200024c8        -       0x00000028   Zero   RW          998    .bss                key.o
    0x200024f0        -       0x00000204   Zero   RW         1858    .bss                cmd_queue.o
    0x200026f4        -       0x00000024   Zero   RW         2002    .bss                timer.o
    0x20002718        -       0x00000034   Zero   RW         2003    .bss                timer.o
    0x2000274c        -       0x0000022c   Zero   RW         2220    .bss                sx1276.o
    0x20002978        -       0x00000130   Zero   RW         2447    .bss                main.o
    0x20002aa8        -       0x00000044   Zero   RW         2448    .bss                main.o
    0x20002aec        -       0x00000050   Zero   RW         5362    .bss                rtx_conf_cm.o
    0x20002b3c        -       0x000000dc   Zero   RW         5363    .bss                rtx_conf_cm.o
    0x20002c18        -       0x00000810   Zero   RW         5364    .bss                rtx_conf_cm.o
    0x20003428        -       0x000006a8   Zero   RW         5365    .bss                rtx_conf_cm.o
    0x20003ad0        -       0x00000204   Zero   RW         5366    .bss                rtx_conf_cm.o
    0x20003cd4        -       0x00000010   Zero   RW         5367    .bss                rtx_conf_cm.o
    0x20003ce4        -       0x00000034   Zero   RW         6083    .bss                RTX_CM3.lib(rt_task.o)
    0x20003d18        -       0x00000030   Zero   RW         6303    .bss                RTX_CM3.lib(rt_list.o)
    0x20003d48        -       0x00000400   Zero   RW            1    STACK               startup_stm32f103xb.o


==============================================================================

Image component sizes


      Code (inc. data)   RO Data    RW Data    ZI Data      Debug   Object Name

      3760       1114        196          0        244      21671   app.o
        16          6          0          0          0        434   bsp.o
       176         22          0          8        516       3016   cmd_queue.o
       466         26          0          0          0       5049   dht11.o
      2020        704        221         28       1272      22893   elog.o
         0          0          0          0          0       3511   elog_async.o
        30          8          0          0          0       4869   elog_port.o
       240         92         35          0          0       2801   elog_utils.o
       390          0          0          0          0       4283   hmi_driver.o
        20          4          0          0          0        499   hmi_user_uart.o
       188         16          0          0         40       2114   key.o
       930        138          5          0        372       5805   main.o
        28          6         84         12       4600       7764   rtx_conf_cm.o
        36          8        236          0       1024        840   startup_stm32f103xb.o
       136         18          0         12          0       5137   stm32f1xx_hal.o
       198         14          0          0          0      29179   stm32f1xx_hal_cortex.o
       812         36          0          0          0       5837   stm32f1xx_hal_dma.o
       540         40          0          0          0       4943   stm32f1xx_hal_gpio.o
       492         58          0          0          0       3259   stm32f1xx_hal_msp.o
      1240         84         18          0          0       5332   stm32f1xx_hal_rcc.o
      1688          4          0          0          0       8482   stm32f1xx_hal_spi.o
       642         28          0          0          0       7660   stm32f1xx_hal_tim.o
       104         12          0          0          0       1432   stm32f1xx_hal_tim_ex.o
      2060         24          0          0          0      15564   stm32f1xx_hal_uart.o
       118         18          0          0          0       5304   stm32f1xx_it.o
        74         14          0          0          0       3138   sx1276-board.o
      5034        308        312          8        556      28606   sx1276.o
         2          0         24          4          0       1227   system_stm32f1xx.o
       290         22         28         16         88       8105   timer.o
      1480        178       1028         12       6160     473973   tlsf.o
       332          0          0          0          0       4094   uart_interface.o
       710         58         12         28       1564      12179   vmsgexec.o

    ----------------------------------------------------------------------
     24298       3060       2250        128      16436     709000   Object Totals
         0          0         32          0          0          0   (incl. Generated)
        46          0         19          0          0          0   (incl. Padding)

    ----------------------------------------------------------------------

      Code (inc. data)   RO Data    RW Data    ZI Data      Debug   Library Member Name

       238         24          0          1          0       3312   hal_cm.o
       304         36          0          0          0        768   hal_cm3.o
      2244        224          0          8          0      49195   rt_cmsis.o
        80          4          0          0          0        661   rt_event.o
       530         34          0          0         48       8253   rt_list.o
       706         14          0          0          0       4787   rt_mailbox.o
       140          0          0          0          0       1925   rt_membox.o
       128          0          0          0          0       2307   rt_memory.o
       352         14          0          0          0       2105   rt_mutex.o
        96         22          0          8          0       1158   rt_robin.o
        52          4          0          0          0        573   rt_semaphore.o
       298         52          0          8          0       6223   rt_system.o
      1216        174          0          8         52       9649   rt_task.o
         0          0          0          4          0        214   rt_time.o
         4          4          0          0          0        208   svc_table.o
       220         16          0          0          0         84   ceil.o
       220         16          0          0          0         84   floor.o
       148         12          0          0          0         88   round.o
        28          0          0          0          0         68   _chval.o
       158          0          0          0          0         92   _strtoul.o
        26          0          0          0          0         80   atoi.o
         8          4        133          0          0         68   ctype_o.o
         0          0          0          0          0          0   entry.o
         0          0          0          0          0          0   entry10a.o
         0          0          0          0          0          0   entry11a.o
         8          4          0          0          0          0   entry2.o
         4          0          0          0          0          0   entry5.o
         0          0          0          0          0          0   entry7b.o
         0          0          0          0          0          0   entry8b.o
         8          4          0          4          0         68   errno.o
        30          0          0          0          0          0   handlers.o
        36          8          0          0          0         68   init.o
         0          0          0          0          0          0   iusefp.o
        30          0          0          0          0         68   llshl.o
        36          0          0          0          0         68   llsshr.o
        32          0          0          0          0         68   llushr.o
        36          0          0          0          0         68   memcpya.o
        36          0          0          0          0        108   memseta.o
      2372         98          0          0          0        684   printfa.o
         0          0          0          4          0          0   stdout.o
        14          0          0          0          0         68   strlen.o
        30          0          0          0          0         80   strncmp.o
        36          0          0          0          0         80   strstr.o
       112          0          0          0          0         88   strtol.o
        44          0          0          0          0         80   uidiv.o
        98          0          0          0          0         92   uldiv.o
        48          0          0          0          0         68   cdcmple.o
        48          0          0          0          0         68   cdrcmple.o
       334          0          0          0          0        148   dadd.o
       222          0          0          0          0        100   ddiv.o
       186          0          0          0          0        176   depilogue.o
        50          0          0          0          0         76   dfixui.o
        48          0          0          0          0         68   dfixul.o
        34          0          0          0          0         76   dflti.o
        26          0          0          0          0         76   dfltui.o
       228          0          0          0          0         96   dmul.o
       136          4          0          0          0         92   drnd.o
        46          0          0          0          0         80   dscalb.o

    ----------------------------------------------------------------------
     11586        772        134         48        100      94714   Library Totals
        22          0          1          3          0          0   (incl. Padding)

    ----------------------------------------------------------------------

      Code (inc. data)   RO Data    RW Data    ZI Data      Debug   Library Name

      6388        606          0         37        100      91338   RTX_CM3.lib
       588         44          0          0          0        256   m_ws.l
      3182        118        133          8          0       1996   mc_w.l
      1406          4          0          0          0       1124   mf_w.l

    ----------------------------------------------------------------------
     11586        772        134         48        100      94714   Library Totals

    ----------------------------------------------------------------------

==============================================================================


      Code (inc. data)   RO Data    RW Data    ZI Data      Debug   

     35884       3832       2384        176      16536     785042   Grand Totals
     35884       3832       2384        176      16536     785042   ELF Image Totals
     35884       3832       2384        176          0          0   ROM Totals

==============================================================================

    Total RO  Size (Code + RO Data)                38268 (  37.37kB)
    Total RW  Size (RW Data + ZI Data)             16712 (  16.32kB)
    Total ROM Size (Code + RO Data + RW Data)      38444 (  37.54kB)

==============================================================================

